 shadow_demo

 Timestamp is 5ff33f32 (Mon Jan  4 11:15:46 2021)

 Preferred load address is 0000000140000000

 Start         Length     Name                   Class
 0001:00000000 00037b50H .text$mn                CODE
 0001:00037b50 00000020H .text$mn$00             CODE
 0001:00037b70 0000066dH .text$x                 CODE
 0002:00000000 000002e8H .idata$5                DATA
 0002:000002e8 00000010H .00cfg                  DATA
 0002:000002f8 00000008H .CRT$XCA                DATA
 0002:00000300 00000008H .CRT$XCAA               DATA
 0002:00000308 00000008H .CRT$XCZ                DATA
 0002:00000310 00000008H .CRT$XIA                DATA
 0002:00000318 00000008H .CRT$XIAA               DATA
 0002:00000320 00000008H .CRT$XIAC               DATA
 0002:00000328 00000020H .CRT$XIC                DATA
 0002:00000348 00000008H .CRT$XIZ                DATA
 0002:00000350 00000008H .CRT$XPA                DATA
 0002:00000358 00000010H .CRT$XPX                DATA
 0002:00000368 00000008H .CRT$XPXA               DATA
 0002:00000370 00000008H .CRT$XPZ                DATA
 0002:00000378 00000008H .CRT$XTA                DATA
 0002:00000380 00000010H .CRT$XTZ                DATA
 0002:00000388 00000000H .gfids$y                DATA
 0002:00000390 00010760H .rdata                  DATA
 0002:00010af0 0000016cH .rdata$r                DATA
 0002:00010c5c 0000031cH .rdata$zzzdbg           DATA
 0002:00010f78 00000008H .rtc$IAA                DATA
 0002:00010f80 00000008H .rtc$IZZ                DATA
 0002:00010f88 00000008H .rtc$TAA                DATA
 0002:00010f90 00000010H .rtc$TZZ                DATA
 0002:00010fa0 00001090H .xdata                  DATA
 0002:00012030 00000084H .xdata$x                DATA
 0002:000120b4 00000000H .edata                  DATA
 0002:000120b4 00000028H .idata$2                DATA
 0002:000120dc 00000014H .idata$3                DATA
 0002:000120f0 000002e8H .idata$4                DATA
 0002:000123d8 0000069eH .idata$6                DATA
 0003:00000000 00000a50H .data                   DATA
 0003:00000a50 00000070H .data$r                 DATA
 0003:00000ac0 00001900H .bss                    DATA
 0004:00000000 00002db4H .pdata                  DATA

  Address         Publics by Value              Rva+Base               Lib:Object

 0000:00000000       __guard_longjmp_count      0000000000000000     <absolute>
 0000:00000000       __guard_fids_count         0000000000000000     <absolute>
 0000:00000000       __hybrid_code_map_count    0000000000000000     <absolute>
 0000:00000000       __guard_iat_table          0000000000000000     <absolute>
 0000:00000000       __hybrid_code_map          0000000000000000     <absolute>
 0000:00000000       __guard_iat_count          0000000000000000     <absolute>
 0000:00000000       __guard_longjmp_table      0000000000000000     <absolute>
 0000:00000000       __volatile_metadata        0000000000000000     <absolute>
 0000:00000000       __enclave_config           0000000000000000     <absolute>
 0000:00000000       ___safe_se_handler_count   0000000000000000     <absolute>
 0000:00000000       ___safe_se_handler_table   0000000000000000     <absolute>
 0000:00000000       __guard_fids_table         0000000000000000     <absolute>
 0000:00000000       __hybrid_auxiliary_iat     0000000000000000     <absolute>
 0000:00000000       __dynamic_value_reloc_table 0000000000000000     <absolute>
 0000:00000100       __guard_flags              0000000000000100     <absolute>
 0000:00000000       __ImageBase                0000000140000000     <linker-defined>
 0001:00000000       WinMain                    0000000140001000 f   win32_main.obj
 0001:00000710       ?V2i@@YA?ATv2i@@HH@Z       0000000140001710 f i win32_main.obj
 0001:00000750       ?Win32GetClock@@YA?AT_LARGE_INTEGER@@XZ 0000000140001750 f i win32_main.obj
 0001:00000770       ?Win32GetLastFileTime@@YA?AU_FILETIME@@PEAD@Z 0000000140001770 f i win32_main.obj
 0001:000007e0       ?Win32LoadDemoCode@@YAXPEAUprog_demo_code@@@Z 00000001400017e0 f i win32_main.obj
 0001:000009b0       __GSHandlerCheck           00000001400019b0 f   LIBCMTD:gshandler.obj
 0001:000009f0       __GSHandlerCheckCommon     00000001400019f0 f   LIBCMTD:gshandler.obj
 0001:00000b00       __security_check_cookie    0000000140001b00 f   LIBCMTD:amdsecgs.obj
 0001:00000de0       ?configure_argv@__scrt_narrow_argv_policy@@SAHXZ 0000000140001de0 f i LIBCMTD:exe_winmain.obj
 0001:00000e00       ?initialize_environment@__scrt_narrow_environment_policy@@SAHXZ 0000000140001e00 f i LIBCMTD:exe_winmain.obj
 0001:00000e50       ?set_app_type@__scrt_winmain_policy@@SAXXZ 0000000140001e50 f i LIBCMTD:exe_winmain.obj
 0001:00000e70       ?set_commode@__scrt_file_policy@@SAXXZ 0000000140001e70 f i LIBCMTD:exe_winmain.obj
 0001:00000e90       ?set_fmode@__scrt_file_policy@@SAXXZ 0000000140001e90 f i LIBCMTD:exe_winmain.obj
 0001:00000eb0       WinMainCRTStartup          0000000140001eb0 f   LIBCMTD:exe_winmain.obj
 0001:00000ec0       __raise_securityfailure    0000000140001ec0 f   LIBCMTD:gs_report.obj
 0001:00000f00       __report_gsfailure         0000000140001f00 f   LIBCMTD:gs_report.obj
 0001:00000fe0       __report_rangecheckfailure 0000000140001fe0 f   LIBCMTD:gs_report.obj
 0001:00001000       __report_securityfailure   0000000140002000 f   LIBCMTD:gs_report.obj
 0001:00001200       ??$__crt_fast_decode_pointer@P6AXXZ@@YAP6AXXZQ6AXXZ@Z 0000000140002200 f i libvcruntimed:purevirt.obj
 0001:00001200       ??$__crt_fast_decode_pointer@P6AXPEAXK0@Z@@YAP6AXPEAXK0@ZQ6AX0K0@Z@Z 0000000140002200 f i libucrtd:exit.obj
 0001:00001200       ??$__crt_fast_decode_pointer@PEAX@@YAPEAXQEAX@Z 0000000140002200 f i libvcruntimed:winapi_downlevel.obj
 0001:00001200       ??$__crt_fast_decode_pointer@P6AHPEAU_exception@@@Z@@YAP6AHPEAU_exception@@@ZQ6AH0@Z@Z 0000000140002200 f i libucrtd:matherr.obj
 0001:00001200       ??$__crt_fast_decode_pointer@P6AH_K@Z@@YAP6AH_K@ZQ6AH0@Z@Z 0000000140002200 f i libucrtd:new_handler.obj
 0001:00001200       ??$__crt_fast_decode_pointer@P6AXPEB_W00I_K@Z@@YAP6AXPEB_W00I_K@ZQ6AX000I1@Z@Z 0000000140002200 f i libucrtd:invalid_parameter.obj
 0001:00001200       ??$__crt_fast_decode_pointer@P6AXH@Z@@YAP6AXH@ZQ6AXH@Z@Z 0000000140002200 f i libucrtd:signal.obj
 0001:00001200       ??$__crt_fast_decode_pointer@PEAP6AXXZ@@YAPEAP6AXXZQEAP6AXXZ@Z 0000000140002200 f i LIBCMTD:utility.obj
 0001:00001240       ??$__crt_fast_encode_pointer@P6AHPEAU_exception@@@Z@@YAP6AHPEAU_exception@@@ZQ6AH0@Z@Z 0000000140002240 f i libucrtd:matherr.obj
 0001:00001240       ??$__crt_fast_encode_pointer@P6AXXZ@@YAP6AXXZQ6AXXZ@Z 0000000140002240 f i libvcruntimed:purevirt_data.obj
 0001:00001240       ??$__crt_fast_encode_pointer@P6AHXZ@@YAP6AHXZQ6AHXZ@Z 0000000140002240 f i libucrtd:onexit.obj
 0001:00001240       ??$__crt_fast_encode_pointer@PEAP6AXXZ@@YAPEAP6AXXZQEAP6AXXZ@Z 0000000140002240 f i LIBCMTD:utility.obj
 0001:00001240       ??$__crt_fast_encode_pointer@P6AXH@Z@@YAP6AXH@ZQ6AXH@Z@Z 0000000140002240 f i libucrtd:signal.obj
 0001:00001240       ??$__crt_fast_encode_pointer@P6AXPEAXK0@Z@@YAP6AXPEAXK0@ZQ6AX0K0@Z@Z 0000000140002240 f i libucrtd:exit.obj
 0001:00001240       ??$__crt_fast_encode_pointer@PEAX@@YAPEAXQEAX@Z 0000000140002240 f i libvcruntimed:winapi_downlevel.obj
 0001:00001280       ?__crt_rotate_pointer_value@@YA_K_KH@Z 0000000140002280 f i LIBCMTD:utility.obj
 0001:00001400       NtCurrentTeb               0000000140002400 f i LIBCMTD:utility.obj
 0001:00001410       __scrt_acquire_startup_lock 0000000140002410 f   LIBCMTD:utility.obj
 0001:00001480       __scrt_initialize_crt      0000000140002480 f   LIBCMTD:utility.obj
 0001:000014d0       __scrt_initialize_onexit_tables 00000001400024d0 f   LIBCMTD:utility.obj
 0001:000015e0       __scrt_is_nonwritable_in_current_image 00000001400025e0 f   LIBCMTD:utility.obj
 0001:00001670       __scrt_release_startup_lock 0000000140002670 f   LIBCMTD:utility.obj
 0001:000016a0       __scrt_uninitialize_crt    00000001400026a0 f   LIBCMTD:utility.obj
 0001:000016e0       _onexit                    00000001400026e0 f   LIBCMTD:utility.obj
 0001:00001770       atexit                     0000000140002770 f   LIBCMTD:utility.obj
 0001:00001870       __security_init_cookie     0000000140002870 f   LIBCMTD:gs_support.obj
 0001:000018f0       _matherr                   00000001400028f0 f   LIBCMTD:matherr.obj
 0001:000018f0       ?get_current_state_index@__crt_state_management@@YA_KAEBV__crt_scoped_get_last_error_reset@@@Z 00000001400028f0 f   libucrtd:per_thread_data.obj
 0001:00001900       _get_startup_argv_mode     0000000140002900 f   LIBCMTD:argv_mode.obj
 0001:00001910       _get_startup_commit_mode   0000000140002910 f   LIBCMTD:commit_mode.obj
 0001:00001910       ?get_current_state_index@__crt_state_management@@YA_KXZ 0000000140002910 f   libucrtd:matherr.obj
 0001:00001910       _get_startup_thread_locale_mode 0000000140002910 f   LIBCMTD:thread_locale.obj
 0001:00001910       __scrt_stub_for_initialize_mta 0000000140002910 f   LIBCMTD:utility_desktop.obj
 0001:00001910       __scrt_initialize_winrt    0000000140002910 f   LIBCMTD:utility_desktop.obj
 0001:00001910       _get_startup_new_mode      0000000140002910 f   LIBCMTD:new_mode.obj
 0001:00001910       ?get_invalid_value@__crt_hmodule_traits@@SAPEAUHINSTANCE__@@XZ 0000000140002910 f   libucrtd:exit.obj
 0001:00001910       __scrt_exe_initialize_mta  0000000140002910 f   LIBCMTD:utility_desktop.obj
 0001:00001920       _get_startup_file_mode     0000000140002920 f   LIBCMTD:file_mode.obj
 0001:00001930       ?__scrt_initialize_type_info@@YAXXZ 0000000140002930 f   LIBCMTD:tncleanup.obj
 0001:00001950       _should_initialize_environment 0000000140002950 f   LIBCMTD:env_mode.obj
 0001:00001960       _initialize_denormal_control 0000000140002960 f   LIBCMTD:denormal_control.obj
 0001:00001960       _initialize_invalid_parameter_handler 0000000140002960 f   LIBCMTD:invalid_parameter_handler.obj
 0001:00001970       __local_stdio_printf_options 0000000140002970 f i LIBCMTD:default_local_stdio_options.obj
 0001:00001980       __local_stdio_scanf_options 0000000140002980 f i LIBCMTD:default_local_stdio_options.obj
 0001:00001990       __scrt_initialize_default_local_stdio_options 0000000140002990 f   LIBCMTD:default_local_stdio_options.obj
 0001:000019e0       __scrt_is_user_matherr_present 00000001400029e0 f   LIBCMTD:matherr_detection.obj
 0001:00001a10       __scrt_get_dyn_tls_init_callback 0000000140002a10 f   LIBCMTD:dyn_tls_init.obj
 0001:00001a20       __scrt_get_dyn_tls_dtor_callback 0000000140002a20 f   LIBCMTD:dyn_tls_dtor.obj
 0001:00001a30       __crt_debugger_hook        0000000140002a30 f   LIBCMTD:utility_desktop.obj
 0001:00001a40       __scrt_fastfail            0000000140002a40 f   LIBCMTD:utility_desktop.obj
 0001:00001be0       __scrt_get_show_window_mode 0000000140002be0 f   LIBCMTD:utility_desktop.obj
 0001:00001c40       __scrt_initialize_mta      0000000140002c40 f   LIBCMTD:utility_desktop.obj
 0001:00001c50       __scrt_is_managed_app      0000000140002c50 f   LIBCMTD:utility_desktop.obj
 0001:00001d00       __scrt_set_unhandled_exception_filter 0000000140002d00 f   LIBCMTD:utility_desktop.obj
 0001:00001d20       __scrt_unhandled_exception_filter 0000000140002d20 f   LIBCMTD:utility_desktop.obj
 0001:00001da0       _RTC_Initialize            0000000140002da0 f   LIBCMTD:initsect.obj
 0001:00001df0       _RTC_Terminate             0000000140002df0 f   LIBCMTD:initsect.obj
 0001:00001e40       ??1scoped_global_state_reset@__crt_state_management@@QEAA@XZ 0000000140002e40 f i libucrtd:onexit.obj
 0001:00001e40       _guard_check_icall_nop     0000000140002e40 f i LIBCMTD:guard_support.obj
 0001:00001e40       ??1?$__crt_simd_cleanup_guard@$0A@@@QEAA@XZ 0000000140002e40 f i libucrtd:strnlen.obj
 0001:00001e50       ReadNoFence64              0000000140002e50 f i LIBCMTD:guard_support.obj
 0001:00001e50       ?__crt_interlocked_read_64@@YA_JPED_J@Z 0000000140002e50 f i libvcruntimed:std_type_info.obj
 0001:00001e70       ReadPointerNoFence         0000000140002e70 f i LIBCMTD:guard_support.obj
 0001:00001e70       ??$__crt_interlocked_read_pointer@X@@YAPEAXPEDSEAX@Z 0000000140002e70 f i libvcruntimed:winapi_downlevel.obj
 0001:00001e70       ??$__crt_interlocked_read_pointer@UHINSTANCE__@@@@YAPEAUHINSTANCE__@@PEDSEAU0@@Z 0000000140002e70 f i libvcruntimed:winapi_downlevel.obj
 0001:00001e90       _guard_icall_checks_enforced 0000000140002e90 f i LIBCMTD:guard_support.obj
 0001:00001ed0       __isa_available_init       0000000140002ed0 f   LIBCMTD:cpu_disp.obj
 0001:00002240       __scrt_is_ucrt_dll_in_use  0000000140003240 f   LIBCMTD:ucrt_detection.obj
 0001:00002270       IsProcessorFeaturePresent  0000000140003270 f   kernel32:KERNEL32.dll
 0001:00002280       __C_specific_handler       0000000140003280 f   libvcruntimed:riscchandler.obj
 0001:000026c0       __vcrt_initialize          00000001400036c0 f   libvcruntimed:initialization.obj
 0001:00002700       __vcrt_uninitialize        0000000140003700 f   libvcruntimed:initialization.obj
 0001:00002730       ??$?RPEAD@__crt_internal_free_policy@@QEBAXQEBQEAD@Z 0000000140003730 f i libucrtd:argv_parsing.obj
 0001:00002730       ??$?RPEAU__crt_stdio_stream_data@@@__crt_internal_free_policy@@QEBAXQEBQEAU__crt_stdio_stream_data@@@Z 0000000140003730 f i libucrtd:_file.obj
 0001:00002730       ??$?RU__crt_multibyte_data@@@__crt_internal_free_policy@@QEBAXQEBU__crt_multibyte_data@@@Z 0000000140003730 f i libucrtd:wsetlocale.obj
 0001:00002730       ??$?RE@__crt_internal_free_policy@@QEBAXQEBE@Z 0000000140003730 f i libucrtd:argv_parsing.obj
 0001:00002730       ??$?RD@__crt_internal_free_policy@@QEBAXQEBD@Z 0000000140003730 f i libvcruntimed:std_type_info.obj
 0001:00002730       ??$?RU__acrt_ptd@@@__crt_internal_free_policy@@QEBAXQEBU__acrt_ptd@@@Z 0000000140003730 f i libucrtd:per_thread_data.obj
 0001:00002730       ??$?RU__crt_lowio_handle_data@@@__crt_internal_free_policy@@QEBAXQEBU__crt_lowio_handle_data@@@Z 0000000140003730 f i libucrtd:osfinfo.obj
 0001:00002730       ??$?RP6AXXZ@__crt_internal_free_policy@@QEBAXQEBQ6AXXZ@Z 0000000140003730 f i libucrtd:onexit.obj
 0001:00002730       ??$?RU__vcrt_ptd@@@__crt_internal_free_policy@@QEBAXQEBU__vcrt_ptd@@@Z 0000000140003730 f i libvcruntimed:per_thread_data.obj
 0001:00002760       ??0?$__crt_unique_heap_ptr@U__crt_lowio_handle_data@@U__crt_internal_free_policy@@@@QEAA@QEAU__crt_lowio_handle_data@@@Z 0000000140003760 f i libucrtd:osfinfo.obj
 0001:00002760       ??0?$__crt_scoped_stack_ptr@_W@@QEAA@U?$__crt_scoped_stack_ptr_tag@_W@@@Z 0000000140003760 f i libucrtd:getstringtypea.obj
 0001:00002760       ??0?$string_output_adapter@_W@__crt_stdio_output@@QEAA@QEAU?$string_output_adapter_context@_W@1@@Z 0000000140003760 f i libucrtd:output.obj
 0001:00002760       ??0?$__crt_unique_heap_ptr@P6AXXZU__crt_internal_free_policy@@@@QEAA@QEAP6AXXZ@Z 0000000140003760 f i libucrtd:onexit.obj
 0001:00002760       ??0?$__crt_unique_heap_ptr@U__acrt_ptd@@U__crt_internal_free_policy@@@@QEAA@QEAU__acrt_ptd@@@Z 0000000140003760 f i libucrtd:per_thread_data.obj
 0001:00002760       ??0?$__crt_unique_heap_ptr@DU__crt_public_free_policy@@@@QEAA@QEAD@Z 0000000140003760 f i libvcruntimed:std_exception.obj
 0001:00002760       ??0?$__crt_unique_heap_ptr@U__crt_multibyte_data@@U__crt_internal_free_policy@@@@QEAA@QEAU__crt_multibyte_data@@@Z 0000000140003760 f i libucrtd:wsetlocale.obj
 0001:00002760       ??0?$__crt_unique_handle_t@U__crt_findfile_traits@@@@QEAA@QEAX@Z 0000000140003760 f i libucrtd:argv_wildcards.obj
 0001:00002760       ??0__crt_stdio_stream@@QEAA@QEAU__crt_stdio_stream_data@@@Z 0000000140003760 f i libucrtd:fflush.obj
 0001:00002760       ??0?$__crt_scoped_stack_ptr_tag@_W@@QEAA@QEA_W@Z 0000000140003760 f i libucrtd:getstringtypea.obj
 0001:00002760       ??0?$__crt_unique_heap_ptr@PEADU__crt_internal_free_policy@@@@QEAA@QEAPEAD@Z 0000000140003760 f i libucrtd:argv_parsing.obj
 0001:00002760       ??0?$__crt_unique_handle_t@U__crt_hmodule_traits@@@@QEAA@QEAUHINSTANCE__@@@Z 0000000140003760 f i libucrtd:exit.obj
 0001:00002760       ??0?$__crt_unique_heap_ptr@DU__crt_internal_free_policy@@@@QEAA@QEAD@Z 0000000140003760 f i libvcruntimed:std_type_info.obj
 0001:00002760       ??0?$__crt_unique_heap_ptr@PEAU__crt_stdio_stream_data@@U__crt_internal_free_policy@@@@QEAA@QEAPEAU__crt_stdio_stream_data@@@Z 0000000140003760 f i libucrtd:_file.obj
 0001:00002760       ??0?$string_output_adapter@D@__crt_stdio_output@@QEAA@QEAU?$string_output_adapter_context@D@1@@Z 0000000140003760 f i libucrtd:output.obj
 0001:00002760       ??0?$__crt_unique_heap_ptr@U__vcrt_ptd@@U__crt_internal_free_policy@@@@QEAA@QEAU__vcrt_ptd@@@Z 0000000140003760 f i libvcruntimed:per_thread_data.obj
 0001:00002760       ??0?$__crt_unique_heap_ptr@EU__crt_internal_free_policy@@@@QEAA@QEAE@Z 0000000140003760 f i libucrtd:argv_parsing.obj
 0001:00002760       ??0__crt_stdio_stream@@QEAA@QEAU_iobuf@@@Z 0000000140003760 f i libucrtd:output.obj
 0001:00002780       ??1?$__crt_unique_heap_ptr@U__crt_multibyte_data@@U__crt_internal_free_policy@@@@QEAA@XZ 0000000140003780 f i libucrtd:wsetlocale.obj
 0001:00002780       ??1?$__crt_unique_heap_ptr@PEAU__crt_stdio_stream_data@@U__crt_internal_free_policy@@@@QEAA@XZ 0000000140003780 f i libucrtd:_file.obj
 0001:00002780       ??1?$__crt_unique_heap_ptr@EU__crt_internal_free_policy@@@@QEAA@XZ 0000000140003780 f i libucrtd:argv_parsing.obj
 0001:00002780       ??1?$__crt_unique_heap_ptr@DU__crt_internal_free_policy@@@@QEAA@XZ 0000000140003780 f i libvcruntimed:std_type_info.obj
 0001:00002780       ??1?$__crt_unique_heap_ptr@U__acrt_ptd@@U__crt_internal_free_policy@@@@QEAA@XZ 0000000140003780 f i libucrtd:per_thread_data.obj
 0001:00002780       ??1?$__crt_unique_heap_ptr@PEADU__crt_internal_free_policy@@@@QEAA@XZ 0000000140003780 f i libucrtd:argv_parsing.obj
 0001:00002780       ??1?$__crt_unique_heap_ptr@U__vcrt_ptd@@U__crt_internal_free_policy@@@@QEAA@XZ 0000000140003780 f i libvcruntimed:per_thread_data.obj
 0001:00002780       ??1?$__crt_unique_heap_ptr@U__crt_lowio_handle_data@@U__crt_internal_free_policy@@@@QEAA@XZ 0000000140003780 f i libucrtd:osfinfo.obj
 0001:00002780       ??1?$__crt_unique_heap_ptr@P6AXXZU__crt_internal_free_policy@@@@QEAA@XZ 0000000140003780 f i libucrtd:onexit.obj
 0001:000027a0       ??B?$__crt_unique_heap_ptr@U__crt_multibyte_data@@U__crt_internal_free_policy@@@@QEBA_NXZ 00000001400037a0 f i libucrtd:wsetlocale.obj
 0001:000027a0       ??B?$__crt_unique_heap_ptr@DU__crt_public_free_policy@@@@QEBA_NXZ 00000001400037a0 f i libvcruntimed:std_exception.obj
 0001:000027a0       ??B?$__crt_unique_heap_ptr@U__crt_lowio_handle_data@@U__crt_internal_free_policy@@@@QEBA_NXZ 00000001400037a0 f i libucrtd:osfinfo.obj
 0001:000027a0       ??B?$__crt_unique_heap_ptr@U__vcrt_ptd@@U__crt_internal_free_policy@@@@QEBA_NXZ 00000001400037a0 f i libvcruntimed:per_thread_data.obj
 0001:000027a0       ??B?$__crt_unique_heap_ptr@DU__crt_internal_free_policy@@@@QEBA_NXZ 00000001400037a0 f i libvcruntimed:std_type_info.obj
 0001:000027a0       ??B?$__crt_unique_heap_ptr@EU__crt_internal_free_policy@@@@QEBA_NXZ 00000001400037a0 f i libucrtd:argv_parsing.obj
 0001:000027a0       ??B?$__crt_unique_heap_ptr@U__acrt_ptd@@U__crt_internal_free_policy@@@@QEBA_NXZ 00000001400037a0 f i libucrtd:per_thread_data.obj
 0001:000027c0       ?get@?$__crt_unique_heap_ptr@EU__crt_internal_free_policy@@@@QEBAPEAEXZ 00000001400037c0 f i libucrtd:argv_parsing.obj
 0001:000027c0       ?get@?$__crt_unique_heap_ptr@DU__crt_public_free_policy@@@@QEBAPEADXZ 00000001400037c0 f i libvcruntimed:std_exception.obj
 0001:000027c0       ?get@?$__crt_unique_heap_ptr@U__crt_multibyte_data@@U__crt_internal_free_policy@@@@QEBAPEAU__crt_multibyte_data@@XZ 00000001400037c0 f i libucrtd:wsetlocale.obj
 0001:000027c0       ?get@?$__crt_unique_heap_ptr@U__acrt_ptd@@U__crt_internal_free_policy@@@@QEBAPEAU__acrt_ptd@@XZ 00000001400037c0 f i libucrtd:per_thread_data.obj
 0001:000027c0       ?get@?$__crt_unique_handle_t@U__crt_hmodule_traits@@@@QEBAPEAUHINSTANCE__@@XZ 00000001400037c0 f i libucrtd:exit.obj
 0001:000027c0       ?public_stream@__crt_stdio_stream@@QEBAPEAU_iobuf@@XZ 00000001400037c0 f i libucrtd:output.obj
 0001:000027c0       ?get@?$__crt_unique_heap_ptr@PEADU__crt_internal_free_policy@@@@QEBAPEAPEADXZ 00000001400037c0 f i libucrtd:argv_parsing.obj
 0001:000027c0       ?get@?$__crt_unique_heap_ptr@DU__crt_internal_free_policy@@@@QEBAPEADXZ 00000001400037c0 f i libvcruntimed:std_type_info.obj
 0001:000027c0       ?get@?$__crt_unique_heap_ptr@U__vcrt_ptd@@U__crt_internal_free_policy@@@@QEBAPEAU__vcrt_ptd@@XZ 00000001400037c0 f i libvcruntimed:per_thread_data.obj
 0001:000027c0       ?getFuncInfo@TryBlockMap@__FrameHandler3@@QEAAPEBU_s_FuncInfo@@XZ 00000001400037c0 f i libvcruntimed:risctrnsctrl.obj
 0001:000027c0       ?get@?$__crt_scoped_stack_ptr@_W@@QEBAPEA_WXZ 00000001400037c0 f i libucrtd:getstringtypea.obj
 0001:000027c0       ?get@?$__crt_unique_heap_ptr@U__crt_lowio_handle_data@@U__crt_internal_free_policy@@@@QEBAPEAU__crt_lowio_handle_data@@XZ 00000001400037c0 f i libucrtd:osfinfo.obj
 0001:000027c0       ??C__crt_stdio_stream@@QEBAPEAU__crt_stdio_stream_data@@XZ 00000001400037c0 f i libucrtd:output.obj
 0001:000027c0       ?save_state@?$c_string_character_source@D@__crt_strtox@@QEBAPEBDXZ 00000001400037c0 f i libucrtd:atox.obj
 0001:000027c0       ?save_state@?$c_string_character_source@_W@__crt_strtox@@QEBAPEB_WXZ 00000001400037c0 f i libucrtd:atox.obj
 0001:000027c0       ?get@?$__crt_unique_handle_t@U__crt_findfile_traits@@@@QEBAPEAXXZ 00000001400037c0 f i libucrtd:argv_wildcards.obj
 0001:000027d0       ?is_valid@?$__crt_unique_heap_ptr@U__vcrt_ptd@@U__crt_internal_free_policy@@@@QEBA_NXZ 00000001400037d0 f i libvcruntimed:per_thread_data.obj
 0001:000027d0       ?is_valid@?$__crt_unique_heap_ptr@U__crt_lowio_handle_data@@U__crt_internal_free_policy@@@@QEBA_NXZ 00000001400037d0 f i libucrtd:osfinfo.obj
 0001:000027d0       ??B?$__crt_scoped_stack_ptr@_W@@QEBA_NXZ 00000001400037d0 f i libucrtd:lcmapstringa.obj
 0001:000027d0       ?is_valid@?$__crt_unique_heap_ptr@U__crt_multibyte_data@@U__crt_internal_free_policy@@@@QEBA_NXZ 00000001400037d0 f i libucrtd:wsetlocale.obj
 0001:000027d0       ?is_valid@?$__crt_unique_heap_ptr@DU__crt_public_free_policy@@@@QEBA_NXZ 00000001400037d0 f i libvcruntimed:std_exception.obj
 0001:000027d0       ?valid@__crt_stdio_stream@@QEBA_NXZ 00000001400037d0 f i libucrtd:output.obj
 0001:000027d0       ?is_valid@?$__crt_unique_heap_ptr@DU__crt_internal_free_policy@@@@QEBA_NXZ 00000001400037d0 f i libvcruntimed:std_type_info.obj
 0001:000027d0       ?is_valid@?$__crt_unique_heap_ptr@U__acrt_ptd@@U__crt_internal_free_policy@@@@QEBA_NXZ 00000001400037d0 f i libucrtd:per_thread_data.obj
 0001:000027d0       ?is_valid@?$__crt_unique_heap_ptr@EU__crt_internal_free_policy@@@@QEBA_NXZ 00000001400037d0 f i libucrtd:argv_parsing.obj
 0001:00002800       ?release@?$__crt_unique_heap_ptr@P6AXXZU__crt_internal_free_policy@@@@QEAAXXZ 0000000140003800 f i libucrtd:onexit.obj
 0001:00002800       ?release@?$__crt_unique_heap_ptr@U__crt_lowio_handle_data@@U__crt_internal_free_policy@@@@QEAAXXZ 0000000140003800 f i libucrtd:osfinfo.obj
 0001:00002800       ?release@?$__crt_unique_heap_ptr@DU__crt_internal_free_policy@@@@QEAAXXZ 0000000140003800 f i libvcruntimed:std_type_info.obj
 0001:00002800       ?release@?$__crt_unique_heap_ptr@U__acrt_ptd@@U__crt_internal_free_policy@@@@QEAAXXZ 0000000140003800 f i libucrtd:per_thread_data.obj
 0001:00002800       ?release@?$__crt_unique_heap_ptr@EU__crt_internal_free_policy@@@@QEAAXXZ 0000000140003800 f i libucrtd:argv_parsing.obj
 0001:00002800       ?release@?$__crt_unique_heap_ptr@PEAU__crt_stdio_stream_data@@U__crt_internal_free_policy@@@@QEAAXXZ 0000000140003800 f i libucrtd:_file.obj
 0001:00002800       ?release@?$__crt_unique_heap_ptr@U__crt_multibyte_data@@U__crt_internal_free_policy@@@@QEAAXXZ 0000000140003800 f i libucrtd:wsetlocale.obj
 0001:00002800       ?release@?$__crt_unique_heap_ptr@U__vcrt_ptd@@U__crt_internal_free_policy@@@@QEAAXXZ 0000000140003800 f i libvcruntimed:per_thread_data.obj
 0001:00002800       ?release@?$__crt_unique_heap_ptr@PEADU__crt_internal_free_policy@@@@QEAAXXZ 0000000140003800 f i libucrtd:argv_parsing.obj
 0001:00002830       __std_type_info_compare    0000000140003830 f   libvcruntimed:std_type_info.obj
 0001:00002880       _NLG_Notify                0000000140003880 f   libvcruntimed:notify.obj
 0001:000028a0       __NLG_Dispatch2            00000001400038a0 f   libvcruntimed:notify.obj
 0001:000028b0       __NLG_Return2              00000001400038b0 f   libvcruntimed:notify.obj
 0001:000028c0       __except_validate_context_record 00000001400038c0 f   libvcruntimed:jbcxrval.obj
 0001:00002920       __DestructExceptionObject  0000000140003920 f   libvcruntimed:ehhelpers.obj
 0001:00002a20       ?_CallMemberFunction0@@YAXQEAX0@Z 0000000140003a20 f i libvcruntimed:ehhelpers.obj
 0001:00002a50       _IsExceptionObjectToBeDestroyed 0000000140003a50 f   libvcruntimed:ehhelpers.obj
 0001:00002aa0       __AdjustPointer            0000000140003aa0 f   libvcruntimed:ehhelpers.obj
 0001:00002b20       __FrameUnwindFilter        0000000140003b20 f   libvcruntimed:ehhelpers.obj
 0001:00002bf0       ?detach@?$__crt_unique_heap_ptr@P6AXXZU__crt_internal_free_policy@@@@QEAAPEAP6AXXZXZ 0000000140003bf0 f i libucrtd:onexit.obj
 0001:00002bf0       ?detach@?$__crt_unique_heap_ptr@U__acrt_ptd@@U__crt_internal_free_policy@@@@QEAAPEAU__acrt_ptd@@XZ 0000000140003bf0 f i libucrtd:per_thread_data.obj
 0001:00002bf0       ?detach@?$__crt_unique_heap_ptr@DU__crt_public_free_policy@@@@QEAAPEADXZ 0000000140003bf0 f i libvcruntimed:std_exception.obj
 0001:00002bf0       ?detach@?$__crt_unique_heap_ptr@PEAU__crt_stdio_stream_data@@U__crt_internal_free_policy@@@@QEAAPEAPEAU__crt_stdio_stream_data@@XZ 0000000140003bf0 f i libucrtd:_file.obj
 0001:00002bf0       ?detach@?$__crt_unique_heap_ptr@EU__crt_internal_free_policy@@@@QEAAPEAEXZ 0000000140003bf0 f i libucrtd:argv_parsing.obj
 0001:00002bf0       ?detach@?$__crt_unique_heap_ptr@PEADU__crt_internal_free_policy@@@@QEAAPEAPEADXZ 0000000140003bf0 f i libucrtd:argv_parsing.obj
 0001:00002bf0       ?detach@?$__crt_unique_heap_ptr@U__crt_lowio_handle_data@@U__crt_internal_free_policy@@@@QEAAPEAU__crt_lowio_handle_data@@XZ 0000000140003bf0 f i libucrtd:osfinfo.obj
 0001:00002bf0       ?detach@?$__crt_unique_heap_ptr@U__crt_multibyte_data@@U__crt_internal_free_policy@@@@QEAAPEAU__crt_multibyte_data@@XZ 0000000140003bf0 f i libucrtd:wsetlocale.obj
 0001:00002bf0       ?detach@?$__crt_unique_heap_ptr@U__vcrt_ptd@@U__crt_internal_free_policy@@@@QEAAPEAU__vcrt_ptd@@XZ 0000000140003bf0 f i libvcruntimed:per_thread_data.obj
 0001:00002c70       __vcrt_freefls             0000000140003c70 f   libvcruntimed:per_thread_data.obj
 0001:00002cb0       __vcrt_getptd              0000000140003cb0 f   libvcruntimed:per_thread_data.obj
 0001:00002ce0       __vcrt_getptd_noexit       0000000140003ce0 f   libvcruntimed:per_thread_data.obj
 0001:00002e80       __vcrt_initialize_ptd      0000000140003e80 f   libvcruntimed:per_thread_data.obj
 0001:00002ed0       __vcrt_uninitialize_ptd    0000000140003ed0 f   libvcruntimed:per_thread_data.obj
 0001:00002f00       __vcrt_initialize_locks    0000000140003f00 f   libvcruntimed:locks.obj
 0001:00002f70       __vcrt_uninitialize_locks  0000000140003f70 f   libvcruntimed:locks.obj
 0001:00002fd0       ??$?B$$A6AXH@Z@__crt_fast_encoded_nullptr_t@@QEBAP6AXH@ZXZ 0000000140003fd0 f i libucrtd:signal.obj
 0001:00002fd0       ??$?BX@__crt_fast_encoded_nullptr_t@@QEBAPEAXXZ 0000000140003fd0 f i libvcruntimed:winapi_downlevel.obj
 0001:00002fd0       ??$?B$$A6AXXZ@__crt_fast_encoded_nullptr_t@@QEBAP6AXXZXZ 0000000140003fd0 f i libvcruntimed:purevirt_data.obj
 0001:00002fd0       ??$?BP6AXXZ@__crt_fast_encoded_nullptr_t@@QEBAPEAP6AXXZXZ 0000000140003fd0 f i libucrtd:onexit.obj
 0001:00002fd0       ??$?B$$A6AXPEAXK0@Z@__crt_fast_encoded_nullptr_t@@QEBAP6AXPEAXK0@ZXZ 0000000140003fd0 f i libucrtd:exit.obj
 0001:00002ff0       ??$__crt_interlocked_exchange_pointer@XPEAX@@YAPEAXPEDSEAXQEAX@Z 0000000140003ff0 f i libvcruntimed:winapi_downlevel.obj
 0001:00002ff0       ??$__crt_interlocked_exchange_pointer@UHINSTANCE__@@PEAU1@@@YAPEAUHINSTANCE__@@PEDSEAU0@QEAU0@@Z 0000000140003ff0 f i libvcruntimed:winapi_downlevel.obj
 0001:00002ff0       ??$__crt_interlocked_exchange_pointer@UHINSTANCE__@@PEAX@@YAPEAUHINSTANCE__@@PEDSEAU0@QEAX@Z 0000000140003ff0 f i libvcruntimed:winapi_downlevel.obj
 0001:00003010       ?__crt_fast_encode_pointer@@YA?AU__crt_fast_encoded_nullptr_t@@$$T@Z 0000000140004010 f i libvcruntimed:winapi_downlevel.obj
 0001:00003030       ?get_invalid_value@__crt_findfile_traits@@SAPEAXXZ 0000000140004030 f   libucrtd:argv_wildcards.obj
 0001:00003570       __vcrt_FlsAlloc            0000000140004570 f   libvcruntimed:winapi_downlevel.obj
 0001:000035c0       __vcrt_FlsFree             00000001400045c0 f   libvcruntimed:winapi_downlevel.obj
 0001:00003610       __vcrt_FlsGetValue         0000000140004610 f   libvcruntimed:winapi_downlevel.obj
 0001:00003660       __vcrt_FlsSetValue         0000000140004660 f   libvcruntimed:winapi_downlevel.obj
 0001:000036c0       __vcrt_InitializeCriticalSectionEx 00000001400046c0 f   libvcruntimed:winapi_downlevel.obj
 0001:00003720       __vcrt_initialize_winapi_thunks 0000000140004720 f   libvcruntimed:winapi_downlevel.obj
 0001:000037a0       __vcrt_uninitialize_winapi_thunks 00000001400047a0 f   libvcruntimed:winapi_downlevel.obj
 0001:00003840       __vcrt_initialize_pure_virtual_call_handler 0000000140004840 f   libvcruntimed:purevirt_data.obj
 0001:00003870       _vsprintf_s_l              0000000140004870 f i libvcruntimed:undname.obj
 0001:000038e0       sprintf_s                  00000001400048e0 f i libvcruntimed:undname.obj
 0001:00003950       memcpy_repmovs             0000000140004950 f   libvcruntimed:memcpy.obj
 0001:00003970       memcpy                     0000000140004970 f   libvcruntimed:memcpy.obj
 0001:00003970       memmove                    0000000140004970 f   libvcruntimed:memcpy.obj
 0001:00003db0       ??$?0AEAViterator@TryBlockMap@__FrameHandler3@@AEAV012@$0A@@?$pair@Viterator@TryBlockMap@__FrameHandler3@@V123@@std@@QEAA@AEAViterator@TryBlockMap@__FrameHandler3@@0@Z 0000000140004db0 f i libvcruntimed:risctrnsctrl.obj
 0001:00003ec0       ??$_CallSETranslator@V__FrameHandler3@@@@YAHPEAUEHExceptionRecord@@PEA_KPEAU_CONTEXT@@PEAU_xDISPATCHER_CONTEXT@@PEBU_s_FuncInfo@@K1@Z 0000000140004ec0 f i libvcruntimed:risctrnsctrl.obj
 0001:00003f40       ?dangerous_get_state_array@?$dual_state_global@PEAU__crt_multibyte_data@@@__crt_state_management@@QEAAPEAPEAU__crt_multibyte_data@@XZ 0000000140004f40 f i libucrtd:mbctype.obj
 0001:00003f40       ?get_address_of@?$__crt_unique_heap_ptr@PEADU__crt_internal_free_policy@@@@QEAAPEAPEAPEADXZ 0000000140004f40 f i libucrtd:argv_parsing.obj
 0001:00003f40       ?dangerous_get_state_array@?$dual_state_global@PEAE@__crt_state_management@@QEAAPEAPEAEXZ 0000000140004f40 f i libucrtd:mbctype.obj
 0001:00003f40       ?debug_info@?$__crt_win32_buffer@DU__crt_win32_buffer_internal_dynamic_resizing@@@@QEBAAEBV__crt_win32_buffer_empty_debug_info@@XZ 0000000140004f40 f i libucrtd:argv_wildcards.obj
 0001:00003f40       ?debug_info@?$__crt_win32_buffer@_WU__crt_win32_buffer_internal_dynamic_resizing@@@@QEBAAEBV__crt_win32_buffer_empty_debug_info@@XZ 0000000140004f40 f i libucrtd:argv_wildcards.obj
 0001:00003f40       ??$forward@AEAViterator@TryBlockMap@__FrameHandler3@@@std@@YAAEAViterator@TryBlockMap@__FrameHandler3@@AEAV123@@Z 0000000140004f40 f i libvcruntimed:risctrnsctrl.obj
 0001:00003f40       ?dangerous_get_state_array@?$dual_state_global@H@__crt_state_management@@QEAAPEAHXZ 0000000140004f40 f i libucrtd:txtmode.obj
 0001:00003f40       ?dangerous_get_state_array@?$dual_state_global@PEAU__crt_locale_data@@@__crt_state_management@@QEAAPEAPEAU__crt_locale_data@@XZ 0000000140004f40 f i libucrtd:per_thread_data.obj
 0001:00003f40       ?dangerous_get_state_array@?$dual_state_global@P6AXPEB_W00I_K@Z@__crt_state_management@@QEAAPEAP6AXPEB_W00I_K@ZXZ 0000000140004f40 f i libucrtd:invalid_parameter.obj
 0001:00003f40       ?debug_info@?$__crt_win32_buffer@DU__crt_win32_buffer_no_resizing@@@@QEBAAEBV__crt_win32_buffer_empty_debug_info@@XZ 0000000140004f40 f i libucrtd:getmodulefilenamea.obj
 0001:00003f40       ?get_address_of@?$__crt_unique_handle_t@U__crt_hmodule_traits@@@@QEAAPEAPEAUHINSTANCE__@@XZ 0000000140004f40 f i libucrtd:exit.obj
 0001:00003f50       ??0iterator@HandlerMap@__FrameHandler3@@QEAA@AEAV12@I@Z 0000000140004f50 f i libvcruntimed:frame.obj
 0001:00003f50       ??0iterator@TryBlockMap@__FrameHandler3@@QEAA@AEAV12@I@Z 0000000140004f50 f i libvcruntimed:risctrnsctrl.obj
 0001:00003f80       ?CatchTryBlock@__FrameHandler3@@SAPEBU_s_TryBlockMapEntry@@PEBU_s_FuncInfo@@H@Z 0000000140004f80 f   libvcruntimed:risctrnsctrl.obj
 0001:00004020       ?ExecutionInCatch@__FrameHandler3@@SA_NPEAU_xDISPATCHER_CONTEXT@@PEBU_s_FuncInfo@@@Z 0000000140005020 f   libvcruntimed:risctrnsctrl.obj
 0001:00004070       ?FrameUnwindToEmptyState@__FrameHandler3@@SAXPEA_KPEAU_xDISPATCHER_CONTEXT@@PEBU_s_FuncInfo@@@Z 0000000140005070 f   libvcruntimed:risctrnsctrl.obj
 0001:00004110       ?GetEstablisherFrame@__FrameHandler3@@SAPEA_KPEA_KPEAU_xDISPATCHER_CONTEXT@@PEBU_s_FuncInfo@@0@Z 0000000140005110 f   libvcruntimed:risctrnsctrl.obj
 0001:00004280       ?GetRangeOfTrysToCheck@__FrameHandler3@@SA?AU?$pair@Viterator@TryBlockMap@__FrameHandler3@@V123@@std@@AEAVTryBlockMap@1@HH@Z 0000000140005280 f   libvcruntimed:risctrnsctrl.obj
 0001:000044d0       ?UnwindNestedFrames@__FrameHandler3@@SAXPEA_KPEAUEHExceptionRecord@@PEAU_CONTEXT@@0PEAXPEBU_s_FuncInfo@@HHPEBU_s_HandlerType@@PEAU_xDISPATCHER_CONTEXT@@E@Z 00000001400054d0 f   libvcruntimed:risctrnsctrl.obj
 0001:00004640       ?getpDC@TryBlockMap@__FrameHandler3@@QEAAPEAU_xDISPATCHER_CONTEXT@@XZ 0000000140005640 f i libvcruntimed:risctrnsctrl.obj
 0001:00004650       _CreateFrameInfo           0000000140005650 f   libvcruntimed:risctrnsctrl.obj
 0001:000046c0       _FindAndUnlinkFrame        00000001400056c0 f   libvcruntimed:risctrnsctrl.obj
 0001:00004740       _GetImageBase              0000000140005740 f   libvcruntimed:risctrnsctrl.obj
 0001:00004760       _GetThrowImageBase         0000000140005760 f   libvcruntimed:risctrnsctrl.obj
 0001:00004780       _SetImageBase              0000000140005780 f   libvcruntimed:risctrnsctrl.obj
 0001:000047a0       _SetThrowImageBase         00000001400057a0 f   libvcruntimed:risctrnsctrl.obj
 0001:000047c0       __CxxFrameHandler3         00000001400057c0 f   libvcruntimed:risctrnsctrl.obj
 0001:00004880       ?GetCurrentState@__FrameHandler3@@SAHPEA_KPEAU_xDISPATCHER_CONTEXT@@PEBU_s_FuncInfo@@@Z 0000000140005880 f   libvcruntimed:ehstate.obj
 0001:000048e0       ?GetUnwindTryBlock@__FrameHandler3@@SAHPEA_KPEAU_xDISPATCHER_CONTEXT@@PEBU_s_FuncInfo@@@Z 00000001400058e0 f   libvcruntimed:ehstate.obj
 0001:00004930       ?SetState@__FrameHandler3@@SAXPEA_KPEBU_s_FuncInfo@@H@Z 0000000140005930 f   libvcruntimed:ehstate.obj
 0001:00004960       ?SetUnwindTryBlock@__FrameHandler3@@SAXPEA_KPEAU_xDISPATCHER_CONTEXT@@PEBU_s_FuncInfo@@H@Z 0000000140005960 f   libvcruntimed:ehstate.obj
 0001:000049d0       ?StateFromControlPc@__FrameHandler3@@SAHPEBU_s_FuncInfo@@PEAU_xDISPATCHER_CONTEXT@@@Z 00000001400059d0 f   libvcruntimed:ehstate.obj
 0001:00004a10       ?StateFromIp@__FrameHandler3@@SAHPEBU_s_FuncInfo@@PEAU_xDISPATCHER_CONTEXT@@_K@Z 0000000140005a10 f   libvcruntimed:ehstate.obj
 0001:00005c60       ??$TypeMatchHelper@V__FrameHandler3@@@@YAHPEBU_s_HandlerType@@PEBU_s_CatchableType@@PEBU_s_ThrowInfo@@@Z 0000000140006c60 f i libvcruntimed:frame.obj
 0001:00005e50       ??$__InternalCxxFrameHandler@V__FrameHandler3@@@@YA?AW4_EXCEPTION_DISPOSITION@@PEAUEHExceptionRecord@@PEA_KPEAU_CONTEXT@@PEAU_xDISPATCHER_CONTEXT@@PEBU_s_FuncInfo@@H1E@Z 0000000140006e50 f i libvcruntimed:frame.obj
 0001:000062d0       ??0HandlerMap@__FrameHandler3@@QEAA@PEBU_s_TryBlockMapEntry@@PEAU_xDISPATCHER_CONTEXT@@@Z 00000001400072d0 f i libvcruntimed:frame.obj
 0001:00006310       ??0TryBlockMap@__FrameHandler3@@QEAA@PEBU_s_FuncInfo@@PEAU_xDISPATCHER_CONTEXT@@@Z 0000000140007310 f i libvcruntimed:frame.obj
 0001:00006340       ??0bad_exception@std@@QEAA@AEBV01@@Z 0000000140007340 f i libvcruntimed:frame.obj
 0001:00006380       ??0bad_exception@std@@QEAA@XZ 0000000140007380 f i libvcruntimed:frame.obj
 0001:000063c0       ??0exception@std@@QEAA@AEBV01@@Z 00000001400073c0 f i libvcruntimed:frame.obj
 0001:00006420       ??0exception@std@@QEAA@QEBDH@Z 0000000140007420 f i libvcruntimed:frame.obj
 0001:00006470       ??1bad_exception@std@@UEAA@XZ 0000000140007470 f i libvcruntimed:frame.obj
 0001:00006490       ??1exception@std@@UEAA@XZ  0000000140007490 f i libvcruntimed:frame.obj
 0001:000064c0       ??8iterator@HandlerMap@__FrameHandler3@@QEBA_NAEBV012@@Z 00000001400074c0 f i libvcruntimed:frame.obj
 0001:00006500       ??8type_info@@QEBA_NAEBV0@@Z 0000000140007500 f i libvcruntimed:frame.obj
 0001:00006550       ??9iterator@HandlerMap@__FrameHandler3@@QEBA_NAEBV012@@Z 0000000140007550 f i libvcruntimed:frame.obj
 0001:00006590       ??Diterator@HandlerMap@__FrameHandler3@@QEAAPEBU_s_HandlerType@@XZ 0000000140007590 f i libvcruntimed:frame.obj
 0001:000065c0       ??Diterator@TryBlockMap@__FrameHandler3@@QEAAPEBU_s_TryBlockMapEntry@@XZ 00000001400075c0 f i libvcruntimed:frame.obj
 0001:00006600       ??Eiterator@TryBlockMap@__FrameHandler3@@QEAAAEAV012@XZ 0000000140007600 f i libvcruntimed:frame.obj
 0001:00006600       ??Eiterator@HandlerMap@__FrameHandler3@@QEAAAEAV012@XZ 0000000140007600 f i libvcruntimed:frame.obj
 0001:00006620       ??Miterator@TryBlockMap@__FrameHandler3@@QEBA_NAEBV012@@Z 0000000140007620 f i libvcruntimed:frame.obj
 0001:00006660       ??_Ebad_exception@std@@UEAAPEAXI@Z 0000000140007660 f i libvcruntimed:frame.obj
 0001:00006660       ??_Gbad_exception@std@@UEAAPEAXI@Z 0000000140007660 f i libvcruntimed:frame.obj
 0001:000066a0       ??_Gexception@std@@UEAAPEAXI@Z 00000001400076a0 f i libvcruntimed:frame.obj
 0001:000066a0       ??_Eexception@std@@UEAAPEAXI@Z 00000001400076a0 f i libvcruntimed:frame.obj
 0001:000066e0       ?BuildCatchObject@__FrameHandler3@@SAXPEAUEHExceptionRecord@@PEAXPEBU_s_HandlerType@@PEBU_s_CatchableType@@@Z 00000001400076e0 f   libvcruntimed:frame.obj
 0001:00006720       ?CxxCallCatchBlock@__FrameHandler3@@SAPEAXPEAU_EXCEPTION_RECORD@@@Z 0000000140007720 f   libvcruntimed:frame.obj
 0001:00006a80       ?FrameUnwindToState@__FrameHandler3@@SAXPEA_KPEAU_xDISPATCHER_CONTEXT@@PEBU_s_FuncInfo@@H@Z 0000000140007a80 f   libvcruntimed:frame.obj
 0001:00006d10       ?GetHandlerSearchState@__FrameHandler3@@SAHPEA_KPEAU_xDISPATCHER_CONTEXT@@PEBU_s_FuncInfo@@@Z 0000000140007d10 f i libvcruntimed:frame.obj
 0001:00006dc0       ?GetMaxState@__FrameHandler3@@SAHPEAU_xDISPATCHER_CONTEXT@@PEBU_s_FuncInfo@@@Z 0000000140007dc0 f i libvcruntimed:frame.obj
 0001:00006ff0       ?TypeMatch@__FrameHandler3@@SAHPEBU_s_HandlerType@@PEBU_s_CatchableType@@PEBU_s_ThrowInfo@@@Z 0000000140007ff0 f   libvcruntimed:frame.obj
 0001:00006ff0       __TypeMatch                0000000140007ff0 f   libvcruntimed:frame.obj
 0001:00007020       ?_CallMemberFunction1@@YAXQEAX00@Z 0000000140008020 f i libvcruntimed:frame.obj
 0001:00007050       ?_CallMemberFunction2@@YAXQEAX00H@Z 0000000140008050 f i libvcruntimed:frame.obj
 0001:00007090       ?_ValidateExecute@@YA_NP6A_JXZ@Z 0000000140008090 f i libvcruntimed:frame.obj
 0001:000070b0       ?_ValidateWrite@@YA_NPEAXI@Z 00000001400080b0 f i libvcruntimed:frame.obj
 0001:000070b0       ?_ValidateRead@@YA_NPEBXI@Z 00000001400080b0 f i libvcruntimed:frame.obj
 0001:00007110       ?begin@HandlerMap@__FrameHandler3@@QEAA?AViterator@12@XZ 0000000140008110 f i libvcruntimed:frame.obj
 0001:00007140       ?end@HandlerMap@__FrameHandler3@@QEAA?AViterator@12@XZ 0000000140008140 f i libvcruntimed:frame.obj
 0001:00007170       ?getESTypes@__FrameHandler3@@SAPEBU_s_ESTypeList@@PEBU_s_FuncInfo@@@Z 0000000140008170 f i libvcruntimed:frame.obj
 0001:000071b0       ?getLastEntry@HandlerMap@__FrameHandler3@@QEAAPEBU_s_HandlerType@@XZ 00000001400081b0 f i libvcruntimed:frame.obj
 0001:000071d0       ?getMagicNum@__FrameHandler3@@SAIPEBU_s_FuncInfo@@@Z 00000001400081d0 f i libvcruntimed:frame.obj
 0001:000071f0       ?getNumTryBlocks@TryBlockMap@__FrameHandler3@@QEAAIXZ 00000001400081f0 f i libvcruntimed:frame.obj
 0001:00007210       ?isEHs@__FrameHandler3@@SA_NPEBU_s_FuncInfo@@@Z 0000000140008210 f i libvcruntimed:frame.obj
 0001:00007250       ?isNoExcept@__FrameHandler3@@SA_NPEBU_s_FuncInfo@@@Z 0000000140008250 f i libvcruntimed:frame.obj
 0001:00007290       ?what@exception@std@@UEBAPEBDXZ 0000000140008290 f i libvcruntimed:frame.obj
 0001:000072d0       __vcrt_EncodePointer       00000001400082d0 f i libvcruntimed:frame.obj
 0001:00007300       memset_repmovs             0000000140008300 f   libvcruntimed:memset.obj
 0001:00007320       memset                     0000000140008320 f   libvcruntimed:memset.obj
 0001:000074c0       _CallSettingFrame          00000001400084c0 f   libvcruntimed:handlers.obj
 0001:00007510       _CallSettingFrameEncoded   0000000140008510 f   libvcruntimed:handlers.obj
 0001:00007560       ??$?RD@__crt_public_free_policy@@QEBAXQEBD@Z 0000000140008560 f i libvcruntimed:std_exception.obj
 0001:00007580       ??1?$__crt_unique_heap_ptr@DU__crt_public_free_policy@@@@QEAA@XZ 0000000140008580 f i libvcruntimed:std_exception.obj
 0001:000075a0       ?release@?$__crt_unique_heap_ptr@DU__crt_public_free_policy@@@@QEAAXXZ 00000001400085a0 f i libvcruntimed:std_exception.obj
 0001:000075d0       __std_exception_copy       00000001400085d0 f   libvcruntimed:std_exception.obj
 0001:00007700       __std_exception_destroy    0000000140008700 f   libvcruntimed:std_exception.obj
 0001:00007740       _CxxThrowException         0000000140008740 f   libvcruntimed:throw.obj
 0001:00007900       _seh_filter_exe            0000000140008900 f   libucrtd:exception_filter.obj
 0001:00007d70       __acrt_report_runtime_error 0000000140008d70 f   libucrtd:report_runtime_error.obj
 0001:00007ff0       _invoke_watson_if_error    0000000140008ff0 f i libucrtd:report_runtime_error.obj
 0001:00008040       _query_app_type            0000000140009040 f   libucrtd:report_runtime_error.obj
 0001:00008050       _set_app_type              0000000140009050 f   libucrtd:report_runtime_error.obj
 0001:00008060       ?initialize@?$dual_state_global@PEAU__crt_locale_data@@@__crt_state_management@@QEAAXQEAU__crt_locale_data@@@Z 0000000140009060 f i libucrtd:initialization.obj
 0001:00008060       ?initialize@?$dual_state_global@P6AHPEAU_exception@@@Z@__crt_state_management@@QEAAXQ6AHPEAU_exception@@@Z@Z 0000000140009060 f i libucrtd:matherr.obj
 0001:00008060       ?initialize@?$dual_state_global@PEAU__crt_multibyte_data@@@__crt_state_management@@QEAAXQEAU__crt_multibyte_data@@@Z 0000000140009060 f i libucrtd:mbctype.obj
 0001:00008060       ?initialize@?$dual_state_global@P6AH_K@Z@__crt_state_management@@QEAAXQ6AH_K@Z@Z 0000000140009060 f i libucrtd:new_handler.obj
 0001:00008060       ?initialize@?$dual_state_global@P6AXH@Z@__crt_state_management@@QEAAXQ6AXH@Z@Z 0000000140009060 f i libucrtd:signal.obj
 0001:000080b0       ?value@?$dual_state_global@PEAU__crt_locale_data@@@__crt_state_management@@QEAAAEAPEAU__crt_locale_data@@XZ 00000001400090b0 f i libucrtd:wsetlocale.obj
 0001:000080b0       ?value@?$dual_state_global@P6AH_K@Z@__crt_state_management@@QEAAAEAP6AH_K@ZXZ 00000001400090b0 f i libucrtd:new_handler.obj
 0001:000080b0       ?value@?$dual_state_global@P6AHPEAU_exception@@@Z@__crt_state_management@@QEAAAEAP6AHPEAU_exception@@@ZXZ 00000001400090b0 f i libucrtd:matherr.obj
 0001:000080b0       ?value@?$dual_state_global@PEAU__crt_multibyte_data@@@__crt_state_management@@QEAAAEAPEAU__crt_multibyte_data@@XZ 00000001400090b0 f i libucrtd:mbctype.obj
 0001:000080b0       ?value@?$dual_state_global@P6AXH@Z@__crt_state_management@@QEAAAEAP6AXH@ZXZ 00000001400090b0 f i libucrtd:signal.obj
 0001:000080b0       ?value@?$dual_state_global@PEAE@__crt_state_management@@QEAAAEAPEAEXZ 00000001400090b0 f i libucrtd:mbctype.obj
 0001:000080b0       ?value@?$dual_state_global@P6AXPEB_W00I_K@Z@__crt_state_management@@QEAAAEAP6AXPEB_W00I_K@ZXZ 00000001400090b0 f i libucrtd:invalid_parameter.obj
 0001:000080d0       __acrt_has_user_matherr    00000001400090d0 f   libucrtd:matherr.obj
 0001:00008110       __acrt_initialize_user_matherr 0000000140009110 f   libucrtd:matherr.obj
 0001:00008130       __acrt_invoke_user_matherr 0000000140009130 f   libucrtd:matherr.obj
 0001:00008180       __setusermatherr           0000000140009180 f   libucrtd:matherr.obj
 0001:00008550       ??$get_module_file_name@AEAPEAUHINSTANCE__@@AEAY0BAF@DK@?$__crt_char_traits@D@@SAKAEAPEAUHINSTANCE__@@AEAY0BAF@D$$QEAK@Z 0000000140009550 f i libucrtd:dbgrpt.obj
 0001:00008550       ??$get_module_file_name@$$TAEAY0BAF@DH@?$__crt_char_traits@D@@SAK$$QEA$$TAEAY0BAF@D$$QEAH@Z 0000000140009550 f i libucrtd:argv_parsing.obj
 0001:00008a20       ??$set_program_name@PEAD@?$__crt_char_traits@D@@SAX$$QEAPEAD@Z 0000000140009a20 f i libucrtd:argv_parsing.obj
 0001:00008b50       __acrt_allocate_buffer_for_argv 0000000140009b50 f   libucrtd:argv_parsing.obj
 0001:00008c70       _configure_narrow_argv     0000000140009c70 f   libucrtd:argv_parsing.obj
 0001:00008c90       _set_pgmptr                0000000140009c90 f i libucrtd:argv_parsing.obj
 0001:00008ec0       ??$tcslen@AEAPEAD@?$__crt_char_traits@D@@SA_KAEAPEAD@Z 0000000140009ec0 f i libucrtd:environment_initialization.obj
 0001:00008f0c       ??B?$__crt_unique_heap_ptr@PEADU__crt_internal_free_policy@@@@QEBA_NXZ 0000000140009f0c f i libucrtd:environment_initialization.obj
 0001:00008f14       ?detach@?$__crt_unique_heap_ptr@DU__crt_internal_free_policy@@@@QEAAPEADXZ 0000000140009f14 f i libucrtd:environment_initialization.obj
 0001:00008f1c       __dcrt_uninitialize_environments_nolock 0000000140009f1c f   libucrtd:environment_initialization.obj
 0001:00008f54       _initialize_narrow_environment 0000000140009f54 f   libucrtd:environment_initialization.obj
 0001:000090a0       _get_narrow_winmain_command_line 000000014000a0a0 f   libucrtd:argv_winmain.obj
 0001:000090b0       _initterm                  000000014000a0b0 f   libucrtd:initterm.obj
 0001:00009110       _initterm_e                000000014000a110 f   libucrtd:initterm.obj
 0001:00009220       ??$__crt_get_proc_address@P6AXI@Z@@YAP6AXI@ZQEAUHINSTANCE__@@QEBD@Z 000000014000a220 f i libucrtd:exit.obj
 0001:00009250       ??$__crt_interlocked_read@J@@YAJPEDJ@Z 000000014000a250 f i libucrtd:exit.obj
 0001:000092e0       ??1?$__crt_unique_handle_t@U__crt_hmodule_traits@@@@QEAA@XZ 000000014000a2e0 f i libucrtd:exit.obj
 0001:00009440       ?__acrt_select_exit_lock@@YA?AW4__acrt_lock_id@@XZ 000000014000a440 f i libucrtd:exit.obj
 0001:00009450       ?__crt_interlocked_read_32@@YAHPEDH@Z 000000014000a450 f i libucrtd:exit.obj
 0001:00009490       ?close@?$__crt_unique_handle_t@U__crt_hmodule_traits@@@@QEAAXXZ 000000014000a490 f i libucrtd:exit.obj
 0001:000094d0       ?close@__crt_hmodule_traits@@SA_NPEAUHINSTANCE__@@@Z 000000014000a4d0 f i libucrtd:exit.obj
 0001:00009790       __acrt_initialize_thread_local_exit_callback 000000014000a790 f   libucrtd:exit.obj
 0001:000097b0       _c_exit                    000000014000a7b0 f   libucrtd:exit.obj
 0001:000097d0       _cexit                     000000014000a7d0 f   libucrtd:exit.obj
 0001:000097f0       _exit                      000000014000a7f0 f   libucrtd:exit.obj
 0001:00009810       _register_thread_local_exe_atexit_callback 000000014000a810 f   libucrtd:exit.obj
 0001:00009860       exit                       000000014000a860 f   libucrtd:exit.obj
 0001:00009880       ?value@?$dual_state_global@J@__crt_state_management@@QEAAAEAJXZ 000000014000a880 f i libucrtd:new_mode.obj
 0001:00009880       ?value@?$dual_state_global@H@__crt_state_management@@QEAAAEAHXZ 000000014000a880 f i libucrtd:setmode.obj
 0001:000098a0       _set_fmode                 000000014000a8a0 f   libucrtd:setmode.obj
 0001:00009ae0       __acrt_disable_global_locale_sync 000000014000aae0 f i libucrtd:wsetlocale.obj
 0001:00009b10       __acrt_enable_global_locale_sync 000000014000ab10 f i libucrtd:wsetlocale.obj
 0001:00009b40       __acrt_set_locale_changed  000000014000ab40 f   libucrtd:wsetlocale.obj
 0001:00009b50       __acrt_uninitialize_locale 000000014000ab50 f   libucrtd:wsetlocale.obj
 0001:00009b80       __ascii_tolower            000000014000ab80 f i libucrtd:wsetlocale.obj
 0001:00009ba0       __ascii_towlower           000000014000aba0 f i libucrtd:wsetlocale.obj
 0001:00009bc0       _configthreadlocale        000000014000abc0 f   libucrtd:wsetlocale.obj
 0001:00009d20       _query_new_mode            000000014000ad20 f   libucrtd:new_mode.obj
 0001:00009d40       _set_new_mode              000000014000ad40 f   libucrtd:new_mode.obj
 0001:00009e10       __p__commode               000000014000ae10 f   libucrtd:ncommode.obj
 0001:0000a4a0       _crt_atexit                000000014000b4a0 f   libucrtd:onexit.obj
 0001:0000a4c0       _execute_onexit_table      000000014000b4c0 f   libucrtd:onexit.obj
 0001:0000a500       _initialize_onexit_table   000000014000b500 f   libucrtd:onexit.obj
 0001:0000a580       _register_onexit_function  000000014000b580 f   libucrtd:onexit.obj
 0001:0000a610       __acrt_uninitialize_command_line 000000014000b610 f   libucrtd:argv_data.obj
 0001:0000a870       __acrt_initialize          000000014000b870 f   libucrtd:initialization.obj
 0001:0000a8a0       __acrt_uninitialize        000000014000b8a0 f   libucrtd:initialization.obj
 0001:0000a8d0       terminate                  000000014000b8d0 f   libucrtd:terminate.obj
 0001:0000a910       ??0_LocaleUpdate@@QEAA@QEAU__crt_locale_pointers@@@Z 000000014000b910 f i libucrtd:debug_heap.obj
 0001:0000aa30       ??1_LocaleUpdate@@QEAA@XZ  000000014000ba30 f i libucrtd:debug_heap.obj
 0001:0000aa60       ?GetLocaleT@_LocaleUpdate@@QEAAPEAU__crt_locale_pointers@@XZ 000000014000ba60 f i libucrtd:debug_heap.obj
 0001:0000ca40       _CrtCheckMemory            000000014000da40 f   libucrtd:debug_heap.obj
 0001:0000cbd0       _CrtDumpMemoryLeaks        000000014000dbd0 f   libucrtd:debug_heap.obj
 0001:0000cc90       _CrtIsValidHeapPointer     000000014000dc90 f   libucrtd:debug_heap.obj
 0001:0000ccd0       _CrtIsValidPointer         000000014000dcd0 f   libucrtd:debug_heap.obj
 0001:0000cd10       _CrtMemCheckpoint          000000014000dd10 f   libucrtd:debug_heap.obj
 0001:0000cf90       _CrtMemDumpAllObjectsSince 000000014000df90 f   libucrtd:debug_heap.obj
 0001:0000cff0       _CrtSetDbgFlag             000000014000dff0 f   libucrtd:debug_heap.obj
 0001:0000d150       _CrtSetDumpClient          000000014000e150 f   libucrtd:debug_heap.obj
 0001:0000d180       __acrt_get_locale_data_prefix 000000014000e180 f i libucrtd:debug_heap.obj
 0001:0000d1a0       __acrt_locale_changed      000000014000e1a0 f i libucrtd:debug_heap.obj
 0001:0000d1d0       _calloc_dbg                000000014000e1d0 f   libucrtd:debug_heap.obj
 0001:0000d270       _chvalidchk_l              000000014000e270 f i libucrtd:debug_heap.obj
 0001:0000d2a0       _free_dbg                  000000014000e2a0 f   libucrtd:debug_heap.obj
 0001:0000d310       _invoke_watson_if_oneof    000000014000e310 f i libucrtd:debug_heap.obj
 0001:0000d370       _ischartype_l              000000014000e370 f i libucrtd:debug_heap.obj
 0001:0000d400       _malloc_dbg                000000014000e400 f   libucrtd:debug_heap.obj
 0001:0000d440       _msize_dbg                 000000014000e440 f   libucrtd:debug_heap.obj
 0001:0000d5e0       _realloc_dbg               000000014000e5e0 f   libucrtd:debug_heap.obj
 0001:0000d650       _recalloc_dbg              000000014000e650 f   libucrtd:debug_heap.obj
 0001:0000dc20       strcpy_s                   000000014000ec20 f   libucrtd:strcpy_s.obj
 0001:0000dc60       strcmp                     000000014000ec60 f   libucrtd:strcmp.obj
 0001:0000dce0       strlen                     000000014000ece0 f   libucrtd:strlen.obj
 0001:0000dd90       abort                      000000014000ed90 f   libucrtd:abort.obj
 0001:0000ebc0       ??$get_module_file_name@AEAPEAUHINSTANCE__@@AEAY0BAF@_WK@?$__crt_char_traits@_W@@SAKAEAPEAUHINSTANCE__@@AEAY0BAF@_W$$QEAK@Z 000000014000fbc0 f i libucrtd:dbgrpt.obj
 0001:0000ec00       ??$tcscpy_s@AEAY0BAF@D_KPEBD@?$__crt_char_traits@D@@SAHAEAY0BAF@D$$QEA_K$$QEAPEBD@Z 000000014000fc00 f i libucrtd:dbgrpt.obj
 0001:0000ec40       ??$tcscpy_s@AEAY0BAF@_W_KPEB_W@?$__crt_char_traits@_W@@SAHAEAY0BAF@_W$$QEA_K$$QEAPEB_W@Z 000000014000fc40 f i libucrtd:dbgrpt.obj
 0001:0000ec80       ??$tcslen@AEAY0BAF@D@?$__crt_char_traits@D@@SA_KAEAY0BAF@D@Z 000000014000fc80 f i libucrtd:dbgrpt.obj
 0001:0000eca0       ??$tcslen@AEAY0BAF@_W@?$__crt_char_traits@_W@@SA_KAEAY0BAF@_W@Z 000000014000fca0 f i libucrtd:dbgrpt.obj
 0001:0000ecc0       ??$tcslen@AEBQEBD@?$__crt_char_traits@D@@SA_KAEBQEBD@Z 000000014000fcc0 f i libucrtd:dbgrpt.obj
 0001:0000ece0       ??$tcslen@AEBQEB_W@?$__crt_char_traits@_W@@SA_KAEBQEB_W@Z 000000014000fce0 f i libucrtd:dbgrpt.obj
 0001:0000ed40       _CrtDbgReport              000000014000fd40 f   libucrtd:dbgrpt.obj
 0001:0000edc0       _CrtDbgReportW             000000014000fdc0 f   libucrtd:dbgrpt.obj
 0001:0000ee40       __acrt_MessageWindowA      000000014000fe40 f   libucrtd:dbgrpt.obj
 0001:0000ee90       __acrt_MessageWindowW      000000014000fe90 f   libucrtd:dbgrpt.obj
 0001:0000eee0       _snwprintf_s               000000014000fee0 f i libucrtd:dbgrpt.obj
 0001:0000ef50       _vsnwprintf_s_l            000000014000ff50 f i libucrtd:dbgrpt.obj
 0001:0000efd0       wcsncmp                    000000014000ffd0 f   libucrtd:wcsncmp.obj
 0001:0000f060       ??$?0AEBV?$string_output_adapter@D@__crt_stdio_output@@AEB_KAEBQEBDAEBQEAU__crt_locale_pointers@@AEBQEAD@?$format_validation_base@DV?$string_output_adapter@D@__crt_stdio_output@@@__crt_stdio_output@@IEAA@AEBV?$string_output_adapter@D@1@AEB_KAEBQEBDAEBQEAU__crt_locale_pointers@@AEBQEAD@Z 0000000140010060 f i libucrtd:output.obj
 0001:0000f0b0       ??$?0AEBV?$string_output_adapter@D@__crt_stdio_output@@AEB_KAEBQEBDAEBQEAU__crt_locale_pointers@@AEBQEAD@?$standard_base@DV?$string_output_adapter@D@__crt_stdio_output@@@__crt_stdio_output@@IEAA@AEBV?$string_output_adapter@D@1@AEB_KAEBQEBDAEBQEAU__crt_locale_pointers@@AEBQEAD@Z 00000001400100b0 f i libucrtd:output.obj
 0001:0000f120       ??$?0AEBV?$string_output_adapter@_W@__crt_stdio_output@@AEB_KAEBQEB_WAEBQEAU__crt_locale_pointers@@AEBQEAD@?$format_validation_base@_WV?$string_output_adapter@_W@__crt_stdio_output@@@__crt_stdio_output@@IEAA@AEBV?$string_output_adapter@_W@1@AEB_KAEBQEB_WAEBQEAU__crt_locale_pointers@@AEBQEAD@Z 0000000140010120 f i libucrtd:output.obj
 0001:0000f170       ??$?0AEBV?$string_output_adapter@_W@__crt_stdio_output@@AEB_KAEBQEB_WAEBQEAU__crt_locale_pointers@@AEBQEAD@?$standard_base@_WV?$string_output_adapter@_W@__crt_stdio_output@@@__crt_stdio_output@@IEAA@AEBV?$string_output_adapter@_W@1@AEB_KAEBQEB_WAEBQEAU__crt_locale_pointers@@AEBQEAD@Z 0000000140010170 f i libucrtd:output.obj
 0001:00010af0       ??$count@D@formatting_buffer@__crt_stdio_output@@QEBA_KXZ 0000000140011af0 f i libucrtd:output.obj
 0001:00010b40       ??$count@_W@formatting_buffer@__crt_stdio_output@@QEBA_KXZ 0000000140011b40 f i libucrtd:output.obj
 0001:00010b90       ??$data@_W@formatting_buffer@__crt_stdio_output@@QEAAPEA_WXZ 0000000140011b90 f i libucrtd:output.obj
 0001:00010b90       ??$data@D@formatting_buffer@__crt_stdio_output@@QEAAPEADXZ 0000000140011b90 f i libucrtd:output.obj
 0001:00010be0       ??$ensure_buffer_is_big_enough@D@formatting_buffer@__crt_stdio_output@@QEAA_N_K@Z 0000000140011be0 f i libucrtd:output.obj
 0001:00010d10       ??$ensure_buffer_is_big_enough@_W@formatting_buffer@__crt_stdio_output@@QEAA_N_K@Z 0000000140011d10 f i libucrtd:output.obj
 0001:00010e40       ??$extract_argument_from_va_list@C_J@?$standard_base@_WV?$string_output_adapter@_W@__crt_stdio_output@@@__crt_stdio_output@@IEAA_NAEA_J@Z 0000000140011e40 f i libucrtd:output.obj
 0001:00010e40       ??$extract_argument_from_va_list@C_J@?$standard_base@DV?$string_output_adapter@D@__crt_stdio_output@@@__crt_stdio_output@@IEAA_NAEA_J@Z 0000000140011e40 f i libucrtd:output.obj
 0001:00010e80       ??$extract_argument_from_va_list@E_J@?$standard_base@_WV?$string_output_adapter@_W@__crt_stdio_output@@@__crt_stdio_output@@IEAA_NAEA_J@Z 0000000140011e80 f i libucrtd:output.obj
 0001:00010e80       ??$extract_argument_from_va_list@E_J@?$standard_base@DV?$string_output_adapter@D@__crt_stdio_output@@@__crt_stdio_output@@IEAA_NAEA_J@Z 0000000140011e80 f i libucrtd:output.obj
 0001:00010ec0       ??$extract_argument_from_va_list@F_J@?$standard_base@_WV?$string_output_adapter@_W@__crt_stdio_output@@@__crt_stdio_output@@IEAA_NAEA_J@Z 0000000140011ec0 f i libucrtd:output.obj
 0001:00010ec0       ??$extract_argument_from_va_list@F_J@?$standard_base@DV?$string_output_adapter@D@__crt_stdio_output@@@__crt_stdio_output@@IEAA_NAEA_J@Z 0000000140011ec0 f i libucrtd:output.obj
 0001:00010f00       ??$extract_argument_from_va_list@GD@?$standard_base@DV?$string_output_adapter@D@__crt_stdio_output@@@__crt_stdio_output@@IEAA_NAEAD@Z 0000000140011f00 f i libucrtd:output.obj
 0001:00010f30       ??$extract_argument_from_va_list@G_J@?$standard_base@_WV?$string_output_adapter@_W@__crt_stdio_output@@@__crt_stdio_output@@IEAA_NAEA_J@Z 0000000140011f30 f i libucrtd:output.obj
 0001:00010f30       ??$extract_argument_from_va_list@G_J@?$standard_base@DV?$string_output_adapter@D@__crt_stdio_output@@@__crt_stdio_output@@IEAA_NAEA_J@Z 0000000140011f30 f i libucrtd:output.obj
 0001:00010f70       ??$extract_argument_from_va_list@H_J@?$standard_base@DV?$string_output_adapter@D@__crt_stdio_output@@@__crt_stdio_output@@IEAA_NAEA_J@Z 0000000140011f70 f i libucrtd:output.obj
 0001:00010f70       ??$extract_argument_from_va_list@H_J@?$standard_base@_WV?$string_output_adapter@_W@__crt_stdio_output@@@__crt_stdio_output@@IEAA_NAEA_J@Z 0000000140011f70 f i libucrtd:output.obj
 0001:00010fa0       ??$extract_argument_from_va_list@I_J@?$standard_base@DV?$string_output_adapter@D@__crt_stdio_output@@@__crt_stdio_output@@IEAA_NAEA_J@Z 0000000140011fa0 f i libucrtd:output.obj
 0001:00010fa0       ??$extract_argument_from_va_list@I_J@?$standard_base@_WV?$string_output_adapter@_W@__crt_stdio_output@@@__crt_stdio_output@@IEAA_NAEA_J@Z 0000000140011fa0 f i libucrtd:output.obj
 0001:00010fd0       ??$extract_argument_from_va_list@PEAUansi_string@?1??type_case_Z@?$output_processor@_WV?$string_output_adapter@_W@__crt_stdio_output@@V?$format_validation_base@_WV?$string_output_adapter@_W@__crt_stdio_output@@@2@@__crt_stdio_output@@AEAA_NXZ@PEAU1?1??234@AEAA_NXZ@@?$standard_base@_WV?$string_output_adapter@_W@__crt_stdio_output@@@__crt_stdio_output@@IEAA_NAEAPEAUansi_string@?1??type_case_Z@?$output_processor@_WV?$string_output_adapter@_W@__crt_stdio_output@@V?$format_validation_base@_WV?$string_output_adapter@_W@__crt_stdio_output@@@2@@1@AEAA_NXZ@@Z 0000000140011fd0 f i libucrtd:output.obj
 0001:00010fd0       ??$extract_argument_from_va_list@PEAXPEAX@?$standard_base@_WV?$string_output_adapter@_W@__crt_stdio_output@@@__crt_stdio_output@@IEAA_NAEAPEAX@Z 0000000140011fd0 f i libucrtd:output.obj
 0001:00010fd0       ??$extract_argument_from_va_list@PEADPEAD@?$standard_base@_WV?$string_output_adapter@_W@__crt_stdio_output@@@__crt_stdio_output@@IEAA_NAEAPEAD@Z 0000000140011fd0 f i libucrtd:output.obj
 0001:00010fd0       ??$extract_argument_from_va_list@_J_J@?$standard_base@DV?$string_output_adapter@D@__crt_stdio_output@@@__crt_stdio_output@@IEAA_NAEA_J@Z 0000000140011fd0 f i libucrtd:output.obj
 0001:00010fd0       ??$extract_argument_from_va_list@_K_J@?$standard_base@_WV?$string_output_adapter@_W@__crt_stdio_output@@@__crt_stdio_output@@IEAA_NAEA_J@Z 0000000140011fd0 f i libucrtd:output.obj
 0001:00010fd0       ??$extract_argument_from_va_list@PEADPEAD@?$standard_base@DV?$string_output_adapter@D@__crt_stdio_output@@@__crt_stdio_output@@IEAA_NAEAPEAD@Z 0000000140011fd0 f i libucrtd:output.obj
 0001:00010fd0       ??$extract_argument_from_va_list@_J_J@?$standard_base@_WV?$string_output_adapter@_W@__crt_stdio_output@@@__crt_stdio_output@@IEAA_NAEA_J@Z 0000000140011fd0 f i libucrtd:output.obj
 0001:00010fd0       ??$extract_argument_from_va_list@PEAXPEAX@?$standard_base@DV?$string_output_adapter@D@__crt_stdio_output@@@__crt_stdio_output@@IEAA_NAEAPEAX@Z 0000000140011fd0 f i libucrtd:output.obj
 0001:00010fd0       ??$extract_argument_from_va_list@_K_J@?$standard_base@DV?$string_output_adapter@D@__crt_stdio_output@@@__crt_stdio_output@@IEAA_NAEA_J@Z 0000000140011fd0 f i libucrtd:output.obj
 0001:00010fd0       ??$extract_argument_from_va_list@PEAUansi_string@?1??type_case_Z@?$output_processor@DV?$string_output_adapter@D@__crt_stdio_output@@V?$format_validation_base@DV?$string_output_adapter@D@__crt_stdio_output@@@2@@__crt_stdio_output@@AEAA_NXZ@PEAU1?1??234@AEAA_NXZ@@?$standard_base@DV?$string_output_adapter@D@__crt_stdio_output@@@__crt_stdio_output@@IEAA_NAEAPEAUansi_string@?1??type_case_Z@?$output_processor@DV?$string_output_adapter@D@__crt_stdio_output@@V?$format_validation_base@DV?$string_output_adapter@D@__crt_stdio_output@@@2@@1@AEAA_NXZ@@Z 0000000140011fd0 f i libucrtd:output.obj
 0001:00011000       ??$extract_argument_from_va_list@U_CRT_DOUBLE@@U1@@?$standard_base@DV?$string_output_adapter@D@__crt_stdio_output@@@__crt_stdio_output@@IEAA_NAEAU_CRT_DOUBLE@@@Z 0000000140012000 f i libucrtd:output.obj
 0001:00011000       ??$extract_argument_from_va_list@U_CRT_DOUBLE@@U1@@?$standard_base@_WV?$string_output_adapter@_W@__crt_stdio_output@@@__crt_stdio_output@@IEAA_NAEAU_CRT_DOUBLE@@@Z 0000000140012000 f i libucrtd:output.obj
 0001:00011050       ??$extract_argument_from_va_list@_W_W@?$standard_base@DV?$string_output_adapter@D@__crt_stdio_output@@@__crt_stdio_output@@IEAA_NAEA_W@Z 0000000140012050 f i libucrtd:output.obj
 0001:00011050       ??$extract_argument_from_va_list@_W_W@?$standard_base@_WV?$string_output_adapter@_W@__crt_stdio_output@@@__crt_stdio_output@@IEAA_NAEA_W@Z 0000000140012050 f i libucrtd:output.obj
 0001:00011080       ??$is_wide_character_specifier@D@__crt_stdio_output@@YA_N_KDW4length_modifier@0@@Z 0000000140012080 f i libucrtd:output.obj
 0001:00011120       ??$is_wide_character_specifier@_W@__crt_stdio_output@@YA_N_K_WW4length_modifier@0@@Z 0000000140012120 f i libucrtd:output.obj
 0001:000111f0       ??$read_va_arg@E@__crt_stdio_output@@YAEAEAPEAD@Z 00000001400121f0 f i libucrtd:output.obj
 0001:000111f0       ??$read_va_arg@C@__crt_stdio_output@@YACAEAPEAD@Z 00000001400121f0 f i libucrtd:output.obj
 0001:00011260       ??$read_va_arg@F@__crt_stdio_output@@YAFAEAPEAD@Z 0000000140012260 f i libucrtd:output.obj
 0001:00011260       ??$read_va_arg@_W@__crt_stdio_output@@YA_WAEAPEAD@Z 0000000140012260 f i libucrtd:output.obj
 0001:00011260       ??$read_va_arg@G@__crt_stdio_output@@YAGAEAPEAD@Z 0000000140012260 f i libucrtd:output.obj
 0001:000112d0       ??$read_va_arg@H@__crt_stdio_output@@YAHAEAPEAD@Z 00000001400122d0 f i libucrtd:output.obj
 0001:000112d0       ??$read_va_arg@I@__crt_stdio_output@@YAIAEAPEAD@Z 00000001400122d0 f i libucrtd:output.obj
 0001:00011330       ??$read_va_arg@PEAUansi_string@?1??type_case_Z@?$output_processor@DV?$string_output_adapter@D@__crt_stdio_output@@V?$format_validation_base@DV?$string_output_adapter@D@__crt_stdio_output@@@2@@__crt_stdio_output@@AEAA_NXZ@@__crt_stdio_output@@YAPEAUansi_string@?1??type_case_Z@?$output_processor@DV?$string_output_adapter@D@__crt_stdio_output@@V?$format_validation_base@DV?$string_output_adapter@D@__crt_stdio_output@@@2@@0@AEAA_NXZ@AEAPEAD@Z 0000000140012330 f i libucrtd:output.obj
 0001:00011330       ??$read_va_arg@PEAUansi_string@?1??type_case_Z@?$output_processor@_WV?$string_output_adapter@_W@__crt_stdio_output@@V?$format_validation_base@_WV?$string_output_adapter@_W@__crt_stdio_output@@@2@@__crt_stdio_output@@AEAA_NXZ@@__crt_stdio_output@@YAPEAUansi_string@?1??type_case_Z@?$output_processor@_WV?$string_output_adapter@_W@__crt_stdio_output@@V?$format_validation_base@_WV?$string_output_adapter@_W@__crt_stdio_output@@@2@@0@AEAA_NXZ@AEAPEAD@Z 0000000140012330 f i libucrtd:output.obj
 0001:00011330       ??$read_va_arg@PEAD@__crt_stdio_output@@YAPEADAEAPEAD@Z 0000000140012330 f i libucrtd:output.obj
 0001:00011330       ??$read_va_arg@_K@__crt_stdio_output@@YA_KAEAPEAD@Z 0000000140012330 f i libucrtd:output.obj
 0001:00011330       ??$read_va_arg@U_CRT_DOUBLE@@@__crt_stdio_output@@YA?AU_CRT_DOUBLE@@AEAPEAD@Z 0000000140012330 f i libucrtd:output.obj
 0001:00011330       ??$read_va_arg@PEAX@__crt_stdio_output@@YAPEAXAEAPEAD@Z 0000000140012330 f i libucrtd:output.obj
 0001:00011330       ??$read_va_arg@_J@__crt_stdio_output@@YA_JAEAPEAD@Z 0000000140012330 f i libucrtd:output.obj
 0001:000113a0       ??$scratch_count@D@formatting_buffer@__crt_stdio_output@@QEBA_KXZ 00000001400123a0 f i libucrtd:output.obj
 0001:000113c0       ??$scratch_data@D@formatting_buffer@__crt_stdio_output@@QEAAPEADXZ 00000001400123c0 f i libucrtd:output.obj
 0001:00011430       ??$tcstol@PEBDPEAPEADH@?$__crt_char_traits@D@@SAJ$$QEAPEBD$$QEAPEAPEAD$$QEAH@Z 0000000140012430 f i libucrtd:output.obj
 0001:00011470       ??$tcstol@PEB_WPEAPEA_WH@?$__crt_char_traits@_W@@SAJ$$QEAPEB_W$$QEAPEAPEA_W$$QEAH@Z 0000000140012470 f i libucrtd:output.obj
 0001:000114b0       ??$type_case_integer_parse_into_buffer@I@?$output_processor@DV?$string_output_adapter@D@__crt_stdio_output@@V?$format_validation_base@DV?$string_output_adapter@D@__crt_stdio_output@@@2@@__crt_stdio_output@@AEAAXII_N@Z 00000001400124b0 f i libucrtd:output.obj
 0001:000115e0       ??$type_case_integer_parse_into_buffer@I@?$output_processor@_WV?$string_output_adapter@_W@__crt_stdio_output@@V?$format_validation_base@_WV?$string_output_adapter@_W@__crt_stdio_output@@@2@@__crt_stdio_output@@AEAAXII_N@Z 00000001400125e0 f i libucrtd:output.obj
 0001:00011720       ??$type_case_integer_parse_into_buffer@_K@?$output_processor@DV?$string_output_adapter@D@__crt_stdio_output@@V?$format_validation_base@DV?$string_output_adapter@D@__crt_stdio_output@@@2@@__crt_stdio_output@@AEAAX_KI_N@Z 0000000140012720 f i libucrtd:output.obj
 0001:00011870       ??$type_case_integer_parse_into_buffer@_K@?$output_processor@_WV?$string_output_adapter@_W@__crt_stdio_output@@V?$format_validation_base@_WV?$string_output_adapter@_W@__crt_stdio_output@@@2@@__crt_stdio_output@@AEAAX_KI_N@Z 0000000140012870 f i libucrtd:output.obj
 0001:000119d0       ??$write_multiple_characters@V?$string_output_adapter@D@__crt_stdio_output@@D@__crt_stdio_output@@YAXAEBV?$string_output_adapter@D@0@DHQEAH@Z 00000001400129d0 f i libucrtd:output.obj
 0001:00011a30       ??$write_multiple_characters@V?$string_output_adapter@_W@__crt_stdio_output@@D@__crt_stdio_output@@YAXAEBV?$string_output_adapter@_W@0@DHQEAH@Z 0000000140012a30 f i libucrtd:output.obj
 0001:00011a90       ??0?$common_data@D@__crt_stdio_output@@IEAA@XZ 0000000140012a90 f i libucrtd:output.obj
 0001:00011b60       ??0?$common_data@_W@__crt_stdio_output@@IEAA@XZ 0000000140012b60 f i libucrtd:output.obj
 0001:00011c30       ??0?$output_adapter_data@DV?$string_output_adapter@D@__crt_stdio_output@@@__crt_stdio_output@@IEAA@AEBV?$string_output_adapter@D@1@_KQEBDQEAU__crt_locale_pointers@@QEAD@Z 0000000140012c30 f i libucrtd:output.obj
 0001:00011cb0       ??0?$output_adapter_data@_WV?$string_output_adapter@_W@__crt_stdio_output@@@__crt_stdio_output@@IEAA@AEBV?$string_output_adapter@_W@1@_KQEB_WQEAU__crt_locale_pointers@@QEAD@Z 0000000140012cb0 f i libucrtd:output.obj
 0001:00011d30       ??0?$output_processor@DV?$string_output_adapter@D@__crt_stdio_output@@V?$format_validation_base@DV?$string_output_adapter@D@__crt_stdio_output@@@2@@__crt_stdio_output@@QEAA@AEBV?$string_output_adapter@D@1@_KQEBDQEAU__crt_locale_pointers@@QEAD@Z 0000000140012d30 f i libucrtd:output.obj
 0001:00011d80       ??0?$output_processor@_WV?$string_output_adapter@_W@__crt_stdio_output@@V?$format_validation_base@_WV?$string_output_adapter@_W@__crt_stdio_output@@@2@@__crt_stdio_output@@QEAA@AEBV?$string_output_adapter@_W@1@_KQEB_WQEAU__crt_locale_pointers@@QEAD@Z 0000000140012d80 f i libucrtd:output.obj
 0001:00011dd0       ??0__crt_deferred_errno_cache@@QEAA@XZ 0000000140012dd0 f i libucrtd:output.obj
 0001:00011df0       ??0__crt_errno_guard@@QEAA@QEAH@Z 0000000140012df0 f i libucrtd:output.obj
 0001:00011e30       ??0formatting_buffer@__crt_stdio_output@@QEAA@XZ 0000000140012e30 f i libucrtd:output.obj
 0001:00011e70       ??1?$common_data@_W@__crt_stdio_output@@QEAA@XZ 0000000140012e70 f i libucrtd:output.obj
 0001:00011e70       ??1?$common_data@D@__crt_stdio_output@@QEAA@XZ 0000000140012e70 f i libucrtd:output.obj
 0001:00011e90       ??1?$format_validation_base@DV?$string_output_adapter@D@__crt_stdio_output@@@__crt_stdio_output@@QEAA@XZ 0000000140012e90 f i libucrtd:output.obj
 0001:00011e90       ??1?$format_validation_base@_WV?$string_output_adapter@_W@__crt_stdio_output@@@__crt_stdio_output@@QEAA@XZ 0000000140012e90 f i libucrtd:output.obj
 0001:00011eb0       ??1?$output_adapter_data@_WV?$string_output_adapter@_W@__crt_stdio_output@@@__crt_stdio_output@@QEAA@XZ 0000000140012eb0 f i libucrtd:output.obj
 0001:00011eb0       ??1?$output_adapter_data@DV?$string_output_adapter@D@__crt_stdio_output@@@__crt_stdio_output@@QEAA@XZ 0000000140012eb0 f i libucrtd:output.obj
 0001:00011ed0       ??1?$output_processor@DV?$string_output_adapter@D@__crt_stdio_output@@V?$format_validation_base@DV?$string_output_adapter@D@__crt_stdio_output@@@2@@__crt_stdio_output@@QEAA@XZ 0000000140012ed0 f i libucrtd:output.obj
 0001:00011ed0       ??1?$output_processor@_WV?$string_output_adapter@_W@__crt_stdio_output@@V?$format_validation_base@_WV?$string_output_adapter@_W@__crt_stdio_output@@@2@@__crt_stdio_output@@QEAA@XZ 0000000140012ed0 f i libucrtd:output.obj
 0001:00011ef0       ??1?$standard_base@DV?$string_output_adapter@D@__crt_stdio_output@@@__crt_stdio_output@@QEAA@XZ 0000000140012ef0 f i libucrtd:output.obj
 0001:00011ef0       ??1?$standard_base@_WV?$string_output_adapter@_W@__crt_stdio_output@@@__crt_stdio_output@@QEAA@XZ 0000000140012ef0 f i libucrtd:output.obj
 0001:00011f10       ??1__crt_errno_guard@@QEAA@XZ 0000000140012f10 f i libucrtd:output.obj
 0001:00011f40       ??1formatting_buffer@__crt_stdio_output@@QEAA@XZ 0000000140012f40 f i libucrtd:output.obj
 0001:00011f70       ??4?$__crt_unique_heap_ptr@DU__crt_internal_free_policy@@@@QEAAAEAV0@$$QEAV0@@Z 0000000140012f70 f i libucrtd:output.obj
 0001:00011fb0       ??A?$spectre_mitigated_lookup_table@Ustate_transition_pair@__crt_stdio_output@@$0IA@@__crt_stdio_output@@QEBAAEBUstate_transition_pair@1@_K@Z 0000000140012fb0 f i libucrtd:output.obj
 0001:00011fd0       ?adjust_hexit@?$output_processor@DV?$string_output_adapter@D@__crt_stdio_output@@V?$format_validation_base@DV?$string_output_adapter@D@__crt_stdio_output@@@2@@__crt_stdio_output@@CADH_N@Z 0000000140012fd0 f i libucrtd:output.obj
 0001:00011fd0       ?adjust_hexit@?$output_processor@_WV?$string_output_adapter@_W@__crt_stdio_output@@V?$format_validation_base@_WV?$string_output_adapter@_W@__crt_stdio_output@@@2@@__crt_stdio_output@@CADH_N@Z 0000000140012fd0 f i libucrtd:output.obj
 0001:00012020       ?advance_to_next_pass@?$standard_base@_WV?$string_output_adapter@_W@__crt_stdio_output@@@__crt_stdio_output@@IEAA_NXZ 0000000140013020 f i libucrtd:output.obj
 0001:00012020       ?advance_to_next_pass@?$standard_base@DV?$string_output_adapter@D@__crt_stdio_output@@@__crt_stdio_output@@IEAA_NXZ 0000000140013020 f i libucrtd:output.obj
 0001:00012070       ?crop_zeroes@__crt_stdio_output@@YAXPEADQEAU__crt_locale_pointers@@@Z 0000000140013070 f i libucrtd:output.obj
 0001:000121b0       ?find_next_state@?$output_processor@DV?$string_output_adapter@D@__crt_stdio_output@@V?$format_validation_base@DV?$string_output_adapter@D@__crt_stdio_output@@@2@@__crt_stdio_output@@AEBA?AW4state@2@DW432@@Z 00000001400131b0 f i libucrtd:output.obj
 0001:00012240       ?find_next_state@?$output_processor@_WV?$string_output_adapter@_W@__crt_stdio_output@@V?$format_validation_base@_WV?$string_output_adapter@_W@__crt_stdio_output@@@2@@__crt_stdio_output@@AEBA?AW4state@2@_WW432@@Z 0000000140013240 f i libucrtd:output.obj
 0001:000122d0       ?force_decimal_point@__crt_stdio_output@@YAXPEADQEAU__crt_locale_pointers@@@Z 00000001400132d0 f i libucrtd:output.obj
 0001:000123d0       ?get@__crt_deferred_errno_cache@@QEAAAEAHXZ 00000001400133d0 f i libucrtd:output.obj
 0001:00012400       ?get_flags@__crt_stdio_stream@@QEBAJXZ 0000000140013400 f i libucrtd:output.obj
 0001:00012430       ?has_flag@?$output_processor@DV?$string_output_adapter@D@__crt_stdio_output@@V?$format_validation_base@DV?$string_output_adapter@D@__crt_stdio_output@@@2@@__crt_stdio_output@@AEBA_NI@Z 0000000140013430 f i libucrtd:output.obj
 0001:00012430       ?has_flag@?$output_processor@_WV?$string_output_adapter@_W@__crt_stdio_output@@V?$format_validation_base@_WV?$string_output_adapter@_W@__crt_stdio_output@@@2@@__crt_stdio_output@@AEBA_NI@Z 0000000140013430 f i libucrtd:output.obj
 0001:00012470       ?is_string_backed@__crt_stdio_stream@@QEBA_NXZ 0000000140013470 f i libucrtd:output.obj
 0001:000124b0       ?narrow_null_string@?$output_processor@DV?$string_output_adapter@D@__crt_stdio_output@@V?$format_validation_base@DV?$string_output_adapter@D@__crt_stdio_output@@@2@@__crt_stdio_output@@CAPEADXZ 00000001400134b0 f i libucrtd:output.obj
 0001:000124b0       ?narrow_null_string@?$output_processor@_WV?$string_output_adapter@_W@__crt_stdio_output@@V?$format_validation_base@_WV?$string_output_adapter@_W@__crt_stdio_output@@@2@@__crt_stdio_output@@CAPEADXZ 00000001400134b0 f i libucrtd:output.obj
 0001:000124c0       ?parse_int_from_format_string@?$output_processor@DV?$string_output_adapter@D@__crt_stdio_output@@V?$format_validation_base@DV?$string_output_adapter@D@__crt_stdio_output@@@2@@__crt_stdio_output@@AEAA_NQEAH@Z 00000001400134c0 f i libucrtd:output.obj
 0001:000125b0       ?parse_int_from_format_string@?$output_processor@_WV?$string_output_adapter@_W@__crt_stdio_output@@V?$format_validation_base@_WV?$string_output_adapter@_W@__crt_stdio_output@@@2@@__crt_stdio_output@@AEAA_NQEAH@Z 00000001400135b0 f i libucrtd:output.obj
 0001:000126a0       ?process@?$output_processor@DV?$string_output_adapter@D@__crt_stdio_output@@V?$format_validation_base@DV?$string_output_adapter@D@__crt_stdio_output@@@2@@__crt_stdio_output@@QEAAHXZ 00000001400136a0 f i libucrtd:output.obj
 0001:00012a00       ?process@?$output_processor@_WV?$string_output_adapter@_W@__crt_stdio_output@@V?$format_validation_base@_WV?$string_output_adapter@_W@__crt_stdio_output@@@2@@__crt_stdio_output@@QEAAHXZ 0000000140013a00 f i libucrtd:output.obj
 0001:00012d60       ?set_flag@?$output_processor@DV?$string_output_adapter@D@__crt_stdio_output@@V?$format_validation_base@DV?$string_output_adapter@D@__crt_stdio_output@@@2@@__crt_stdio_output@@AEAAXI@Z 0000000140013d60 f i libucrtd:output.obj
 0001:00012d60       ?set_flag@?$output_processor@_WV?$string_output_adapter@_W@__crt_stdio_output@@V?$format_validation_base@_WV?$string_output_adapter@_W@__crt_stdio_output@@@2@@__crt_stdio_output@@AEAAXI@Z 0000000140013d60 f i libucrtd:output.obj
 0001:00012d80       ?validate_and_update_state_at_beginning_of_format_character@?$standard_base@_WV?$string_output_adapter@_W@__crt_stdio_output@@@__crt_stdio_output@@IEAA_NXZ 0000000140013d80 f i libucrtd:output.obj
 0001:00012d80       ?should_format@?$standard_base@_WV?$string_output_adapter@_W@__crt_stdio_output@@@__crt_stdio_output@@IEAA_NXZ 0000000140013d80 f i libucrtd:output.obj
 0001:00012d80       ?validate_state_for_type_case_a@?$standard_base@_WV?$string_output_adapter@_W@__crt_stdio_output@@@__crt_stdio_output@@IEBA_NXZ 0000000140013d80 f i libucrtd:output.obj
 0001:00012d80       ?should_format@?$standard_base@DV?$string_output_adapter@D@__crt_stdio_output@@@__crt_stdio_output@@IEAA_NXZ 0000000140013d80 f i libucrtd:output.obj
 0001:00012d80       ?validate_state_for_type_case_a@?$standard_base@DV?$string_output_adapter@D@__crt_stdio_output@@@__crt_stdio_output@@IEBA_NXZ 0000000140013d80 f i libucrtd:output.obj
 0001:00012d80       ?validate_and_update_state_at_beginning_of_format_character@?$standard_base@DV?$string_output_adapter@D@__crt_stdio_output@@@__crt_stdio_output@@IEAA_NXZ 0000000140013d80 f i libucrtd:output.obj
 0001:00012d90       ?should_skip_normal_state_processing@?$standard_base@_WV?$string_output_adapter@_W@__crt_stdio_output@@@__crt_stdio_output@@IEAA_NXZ 0000000140013d90 f i libucrtd:output.obj
 0001:00012d90       ?should_skip_type_state_output@?$standard_base@DV?$string_output_adapter@D@__crt_stdio_output@@@__crt_stdio_output@@IEBA_NXZ 0000000140013d90 f i libucrtd:output.obj
 0001:00012d90       ?should_skip_type_state_output@?$standard_base@_WV?$string_output_adapter@_W@__crt_stdio_output@@@__crt_stdio_output@@IEBA_NXZ 0000000140013d90 f i libucrtd:output.obj
 0001:00012d90       ?should_skip_normal_state_processing@?$standard_base@DV?$string_output_adapter@D@__crt_stdio_output@@@__crt_stdio_output@@IEAA_NXZ 0000000140013d90 f i libucrtd:output.obj
 0001:00012da0       ?state_case_dot@?$output_processor@_WV?$string_output_adapter@_W@__crt_stdio_output@@V?$format_validation_base@_WV?$string_output_adapter@_W@__crt_stdio_output@@@2@@__crt_stdio_output@@AEAA_NXZ 0000000140013da0 f i libucrtd:output.obj
 0001:00012da0       ?state_case_dot@?$output_processor@DV?$string_output_adapter@D@__crt_stdio_output@@V?$format_validation_base@DV?$string_output_adapter@D@__crt_stdio_output@@@2@@__crt_stdio_output@@AEAA_NXZ 0000000140013da0 f i libucrtd:output.obj
 0001:00012dc0       ?state_case_flag@?$output_processor@DV?$string_output_adapter@D@__crt_stdio_output@@V?$format_validation_base@DV?$string_output_adapter@D@__crt_stdio_output@@@2@@__crt_stdio_output@@AEAA_NXZ 0000000140013dc0 f i libucrtd:output.obj
 0001:00012e60       ?state_case_flag@?$output_processor@_WV?$string_output_adapter@_W@__crt_stdio_output@@V?$format_validation_base@_WV?$string_output_adapter@_W@__crt_stdio_output@@@2@@__crt_stdio_output@@AEAA_NXZ 0000000140013e60 f i libucrtd:output.obj
 0001:00012f00       ?state_case_normal@?$output_processor@DV?$string_output_adapter@D@__crt_stdio_output@@V?$format_validation_base@DV?$string_output_adapter@D@__crt_stdio_output@@@2@@__crt_stdio_output@@AEAA_NXZ 0000000140013f00 f i libucrtd:output.obj
 0001:00012fe0       ?state_case_normal@?$output_processor@_WV?$string_output_adapter@_W@__crt_stdio_output@@V?$format_validation_base@_WV?$string_output_adapter@_W@__crt_stdio_output@@@2@@__crt_stdio_output@@AEAA_NXZ 0000000140013fe0 f i libucrtd:output.obj
 0001:000130c0       ?state_case_normal_common@?$output_processor@DV?$string_output_adapter@D@__crt_stdio_output@@V?$format_validation_base@DV?$string_output_adapter@D@__crt_stdio_output@@@2@@__crt_stdio_output@@AEAA_NXZ 00000001400140c0 f i libucrtd:output.obj
 0001:00013110       ?state_case_normal_common@?$output_processor@_WV?$string_output_adapter@_W@__crt_stdio_output@@V?$format_validation_base@_WV?$string_output_adapter@_W@__crt_stdio_output@@@2@@__crt_stdio_output@@AEAA_NXZ 0000000140014110 f i libucrtd:output.obj
[...]
 0004:000026c4       $pdata$?__mbsrtowcs_utf8@__crt_mbstring@@YA_KPEA_WPEAPEBD_KPEAU_Mbstatet@@@Z 00000001400526c4     libucrtd:mbrtowc.obj
 0004:000026d0       $pdata$c32rtomb            00000001400526d0     libucrtd:c32rtomb.obj
 0004:000026dc       $pdata$?__c32rtomb_utf8@__crt_mbstring@@YA_KPEAD_UPEAU_Mbstatet@@@Z 00000001400526dc     libucrtd:c32rtomb.obj
 0004:000026e8       $pdata$?return_illegal_sequence@__crt_mbstring@@YA_KPEAU_Mbstatet@@@Z 00000001400526e8     libucrtd:c32rtomb.obj
 0004:000026f4       $pdata$?reset_and_return@__crt_mbstring@@YA_K_KPEAU_Mbstatet@@@Z 00000001400526f4     libucrtd:c32rtomb.obj
 0004:00002700       $pdata$__acrt_fp_strflt_to_string 0000000140052700     libucrtd:_fptostr.obj
 0004:0000270c       $pdata$?should_round_up@@YA_NQEBDHW4__acrt_has_trailing_digits@@W4__acrt_rounding_mode@@@Z 000000014005270c     libucrtd:_fptostr.obj
 0004:00002718       $pdata$__acrt_fltout       0000000140052718     libucrtd:cfout.obj
 0004:00002724       $pdata$??0big_integer@__crt_strtox@@QEAA@XZ 0000000140052724     libucrtd:cfout.obj
 0004:00002730       $pdata$??0big_integer@__crt_strtox@@QEAA@AEBU01@@Z 0000000140052730     libucrtd:cfout.obj
 0004:00002730       $pdata$??4big_integer@__crt_strtox@@QEAAAEAU01@AEBU01@@Z 0000000140052730     libucrtd:cfout.obj
 0004:0000273c       $pdata$??8__crt_strtox@@YA_NAEBUbig_integer@0@0@Z 000000014005273c     libucrtd:cfout.obj
 0004:00002748       $pdata$??9__crt_strtox@@YA_NAEBUbig_integer@0@0@Z 0000000140052748     libucrtd:cfout.obj
 0004:00002754       $pdata$?make_big_integer@__crt_strtox@@YA?AUbig_integer@1@_K@Z 0000000140052754     libucrtd:cfout.obj
 0004:00002760       $pdata$?make_big_integer_power_of_two@__crt_strtox@@YA?AUbig_integer@1@I@Z 0000000140052760     libucrtd:cfout.obj
 0004:0000276c       $pdata$?is_zero@__crt_strtox@@YA_NAEBUbig_integer@1@@Z 000000014005276c     libucrtd:cfout.obj
 0004:00002778       $pdata$?bit_scan_reverse@__crt_strtox@@YAII@Z 0000000140052778     libucrtd:cfout.obj
 0004:00002784       $pdata$?shift_left@__crt_strtox@@YA_NAEAUbig_integer@1@I@Z 0000000140052784     libucrtd:cfout.obj
 0004:00002790       $pdata$?add_carry@__crt_strtox@@YAIAEAIII@Z 0000000140052790     libucrtd:cfout.obj
 0004:0000279c       $pdata$?add_multiply_carry@__crt_strtox@@YAIAEAIIII@Z 000000014005279c     libucrtd:cfout.obj
 0004:000027a8       $pdata$?multiply_core@__crt_strtox@@YAIQEAIII@Z 00000001400527a8     libucrtd:cfout.obj
 0004:000027b4       $pdata$?multiply@__crt_strtox@@YA_NAEAUbig_integer@1@I@Z 00000001400527b4     libucrtd:cfout.obj
 0004:000027c0       $pdata$?multiply@__crt_strtox@@YA_NAEAUbig_integer@1@AEBU21@@Z 00000001400527c0     libucrtd:cfout.obj
 0004:000027cc       $pdata$?multiply_by_power_of_ten@__crt_strtox@@YA_NAEAUbig_integer@1@I@Z 00000001400527cc     libucrtd:cfout.obj
 0004:000027d8       $pdata$?count_sequential_high_zeroes@__crt_strtox@@YAII@Z 00000001400527d8     libucrtd:cfout.obj
 0004:000027e4       $pdata$?divide@__crt_strtox@@YA_KAEAUbig_integer@1@AEBU21@@Z 00000001400527e4     libucrtd:cfout.obj
 0004:000027f0       $pdata$??0scoped_fp_state_reset@?A0x71ca7cfb@@QEAA@XZ 00000001400527f0     libucrtd:cfout.obj
 0004:000027fc       $pdata$??1scoped_fp_state_reset@?A0x71ca7cfb@@QEAA@XZ 00000001400527fc     libucrtd:cfout.obj
 0004:00002808       $pdata$??$convert_to_fos_high_precision@N@@YA?AW4__acrt_has_trailing_digits@@NIQEAHQEAD_K@Z 0000000140052808     libucrtd:cfout.obj
 0004:00002814       $pdata$fegetround          0000000140052814     libucrtd:fegetround.obj
 0004:00002820       $pdata$_fcloseall          0000000140052820     libucrtd:closeall.obj
 0004:0000282c       $pdata$_fcloseall$fin$0    000000014005282c     libucrtd:closeall.obj
 0004:00002838       $pdata$?is_in_use@__crt_stdio_stream@@QEBA_NXZ 0000000140052838     libucrtd:closeall.obj
 0004:00002844       $pdata$?has_crt_buffer@__crt_stdio_stream@@QEBA_NXZ 0000000140052844     libucrtd:_freebuf.obj
 0004:00002850       $pdata$__acrt_stdio_free_buffer_nolock 0000000140052850     libucrtd:_freebuf.obj
 0004:0000285c       $pdata$__acrt_GetStringTypeW 000000014005285c     libucrtd:getstringtypew.obj
 0004:00002868       $pdata$__strncnt           0000000140052868     libucrtd:strncnt.obj
 0004:00002874       $pdata$_commit             0000000140052874     libucrtd:commit.obj
 0004:00002880       $pdata$??R<lambda_5533cddd4bda0037814beee657757329>@@QEBAHXZ 0000000140052880     libucrtd:commit.obj
 0004:0000288c       $pdata$??$__acrt_lowio_lock_fh_and_call@V<lambda_5533cddd4bda0037814beee657757329>@@@@YAHH$$QEAV<lambda_5533cddd4bda0037814beee657757329>@@@Z 000000014005288c     libucrtd:commit.obj
 0004:00002898       $pdata$??R<lambda_4e3dbe6921bc0b5a1a6bc6573fdc859e>@@QEBAXXZ 0000000140052898     libucrtd:commit.obj
 0004:00002898       $pdata$??R<lambda_53fc7fc888e23d815d7080162c0aeeb2>@@QEBAXXZ 0000000140052898     libucrtd:close.obj
 0004:000028a4       $pdata$??R<lambda_47cffbaa968af5c721c38a4a6f8da44d>@@QEBAXXZ 00000001400528a4     libucrtd:commit.obj
 0004:000028a4       $pdata$??R<lambda_8ddc48ad9d26c778cb15812d1d88fc8a>@@QEBAXXZ 00000001400528a4     libucrtd:close.obj
 0004:000028b0       $pdata$??$?RV<lambda_4e3dbe6921bc0b5a1a6bc6573fdc859e>@@AEAV<lambda_5533cddd4bda0037814beee657757329>@@V<lambda_47cffbaa968af5c721c38a4a6f8da44d>@@@?$__crt_seh_guarded_call@H@@QEAAH$$QEAV<lambda_4e3dbe6921bc0b5a1a6bc6573fdc859e>@@AEAV<lambda_5533cddd4bda0037814beee657757329>@@$$QEAV<lambda_47cffbaa968af5c721c38a4a6f8da44d>@@@Z 00000001400528b0     libucrtd:commit.obj
 0004:000028bc       $pdata$?fin$0@?0???$?RV<lambda_4e3dbe6921bc0b5a1a6bc6573fdc859e>@@AEAV<lambda_5533cddd4bda0037814beee657757329>@@V<lambda_47cffbaa968af5c721c38a4a6f8da44d>@@@?$__crt_seh_guarded_call@H@@QEAAH$$QEAV<lambda_4e3dbe6921bc0b5a1a6bc6573fdc859e>@@AEAV<lambda_5533cddd4bda0037814beee657757329>@@$$QEAV<lambda_47cffbaa968af5c721c38a4a6f8da44d>@@@Z@4HA 00000001400528bc     libucrtd:commit.obj
 0004:000028bc       $pdata$?fin$0@?0???$?RV<lambda_53fc7fc888e23d815d7080162c0aeeb2>@@AEAV<lambda_4e7105787b7b0e0227fbf2b2d883fa65>@@V<lambda_8ddc48ad9d26c778cb15812d1d88fc8a>@@@?$__crt_seh_guarded_call@H@@QEAAH$$QEAV<lambda_53fc7fc888e23d815d7080162c0aeeb2>@@AEAV<lambda_4e7105787b7b0e0227fbf2b2d883fa65>@@$$QEAV<lambda_8ddc48ad9d26c778cb15812d1d88fc8a>@@@Z@4HA 00000001400528bc     libucrtd:close.obj
 0004:000028c8       $pdata$_write              00000001400528c8     libucrtd:write.obj
 0004:000028d4       $pdata$_write$fin$0        00000001400528d4     libucrtd:write.obj
 0004:000028e0       $pdata$_write_nolock       00000001400528e0     libucrtd:write.obj
 0004:000028ec       $pdata$?write_requires_double_translation_nolock@@YA_NH@Z 00000001400528ec     libucrtd:write.obj
 0004:000028f8       $pdata$?write_double_translated_ansi_nolock@@YA?AUwrite_result@?A0x17268360@@HQEBDI@Z 00000001400528f8     libucrtd:write.obj
 0004:00002904       $pdata$?write_double_translated_unicode_nolock@@YA?AUwrite_result@?A0x17268360@@QEBDI@Z 0000000140052904     libucrtd:write.obj
 0004:00002910       $pdata$?write_text_ansi_nolock@@YA?AUwrite_result@?A0x17268360@@HQEBDI@Z 0000000140052910     libucrtd:write.obj
 0004:0000291c       $pdata$?write_text_utf16le_nolock@@YA?AUwrite_result@?A0x17268360@@HQEBDI@Z 000000014005291c     libucrtd:write.obj
 0004:00002928       $pdata$?write_text_utf8_nolock@@YA?AUwrite_result@?A0x17268360@@HQEBDI@Z 0000000140052928     libucrtd:write.obj
 0004:00002934       $pdata$?write_binary_nolock@@YA?AUwrite_result@?A0x17268360@@HQEBDI@Z 0000000140052934     libucrtd:write.obj
 0004:00002940       $pdata$?__wcsrtombs_utf8@__crt_mbstring@@YA_KPEADPEAPEB_W_KPEAU_Mbstatet@@@Z 0000000140052940     libucrtd:wcrtomb.obj
 0004:0000294c       $pdata$?__mbrtoc32_utf8@__crt_mbstring@@YA_KPEA_UPEBD_KPEAU_Mbstatet@@@Z 000000014005294c     libucrtd:mbrtoc32.obj
 0004:00002964       $pdata$ceil                0000000140052964     libucrtd:ceil.obj
 0004:00002970       $pdata$_controlfp_s        0000000140052970     libucrtd:contrlfp.obj
 0004:0000297c       $pdata$fegetenv            000000014005297c     libucrtd:fegetenv.obj
 0004:00002988       $pdata$fesetenv            0000000140052988     libucrtd:fesetenv.obj
 0004:00002994       $pdata$feholdexcept        0000000140052994     libucrtd:feholdexcept.obj
 0004:000029a0       $pdata$??$__acrt_fenv_shift_bits@W4__acrt_fenv_abstract_control@@@@YA?AW4__acrt_fenv_abstract_control@@W40@0I@Z 00000001400529a0     libucrtd:_fenvutils.obj
 0004:000029a0       $pdata$??$__acrt_fenv_shift_bits@W4__acrt_fenv_abstract_status@@@@YA?AW4__acrt_fenv_abstract_status@@W40@0I@Z 00000001400529a0     libucrtd:_fenvutils.obj
 0004:000029ac       $pdata$??$__acrt_fenv_unshift_bits@W4__acrt_fenv_abstract_control@@@@YA?AW4__acrt_fenv_abstract_control@@W40@0I@Z 00000001400529ac     libucrtd:_fenvutils.obj
 0004:000029ac       $pdata$??$__acrt_fenv_unshift_bits@W4__acrt_fenv_abstract_status@@@@YA?AW4__acrt_fenv_abstract_status@@W40@0I@Z 00000001400529ac     libucrtd:_fenvutils.obj
 0004:000029b8       $pdata$?__acrt_fenv_shift_abstract_sse_status@@YA?AW4__acrt_fenv_abstract_status@@W41@@Z 00000001400529b8     libucrtd:_fenvutils.obj
 0004:000029c4       $pdata$?__acrt_fenv_unshift_abstract_sse_status@@YA?AW4__acrt_fenv_abstract_status@@W41@@Z 00000001400529c4     libucrtd:_fenvutils.obj
 0004:000029d0       $pdata$?__acrt_fenv_shift_abstract_sse_control@@YA?AW4__acrt_fenv_abstract_control@@W41@@Z 00000001400529d0     libucrtd:_fenvutils.obj
 0004:000029dc       $pdata$?__acrt_fenv_unshift_abstract_sse_control@@YA?AW4__acrt_fenv_abstract_control@@W41@@Z 00000001400529dc     libucrtd:_fenvutils.obj
 0004:000029e8       $pdata$__acrt_fenv_get_status 00000001400529e8     libucrtd:_fenvutils.obj
 0004:000029f4       $pdata$__acrt_fenv_set_status 00000001400529f4     libucrtd:_fenvutils.obj
 0004:00002a00       $pdata$__acrt_fenv_get_control 0000000140052a00     libucrtd:_fenvutils.obj
 0004:00002a0c       $pdata$__acrt_fenv_set_control 0000000140052a0c     libucrtd:_fenvutils.obj
 0004:00002a18       $pdata$__acrt_fenv_get_common_round_control 0000000140052a18     libucrtd:_fenvutils.obj
 0004:00002a24       $pdata$?to_machine_sse_status@@YA?AW4__acrt_fenv_machine_sse_status@@W4__acrt_fenv_abstract_status@@@Z 0000000140052a24     libucrtd:_fenvutils.obj
 0004:00002a30       $pdata$??$translate_status@W4__acrt_fenv_machine_sse_status@@W4__acrt_fenv_abstract_status@@@@YA?AW4__acrt_fenv_machine_sse_status@@W4__acrt_fenv_abstract_status@@@Z 0000000140052a30     libucrtd:_fenvutils.obj
 0004:00002a3c       $pdata$?translate_control_denormal_control_to_sse@@YA?AW4__acrt_fenv_machine_sse_control@@W4__acrt_fenv_abstract_control@@@Z 0000000140052a3c     libucrtd:_fenvutils.obj
 0004:00002a48       $pdata$?translate_control_denormal_control_from_sse@@YA?AW4__acrt_fenv_abstract_control@@W4__acrt_fenv_machine_sse_control@@@Z 0000000140052a48     libucrtd:_fenvutils.obj
 0004:00002a54       $pdata$?to_abstract_control@@YA?AW4__acrt_fenv_abstract_control@@W4__acrt_fenv_machine_sse_control@@@Z 0000000140052a54     libucrtd:_fenvutils.obj
 0004:00002a60       $pdata$??$translate_control_exception_mask@W4__acrt_fenv_abstract_control@@W4__acrt_fenv_machine_sse_control@@@@YA?AW4__acrt_fenv_abstract_control@@W4__acrt_fenv_machine_sse_control@@@Z 0000000140052a60     libucrtd:_fenvutils.obj
 0004:00002a6c       $pdata$??$translate_control_rounding_control@W4__acrt_fenv_abstract_control@@W4__acrt_fenv_machine_sse_control@@@@YA?AW4__acrt_fenv_abstract_control@@W4__acrt_fenv_machine_sse_control@@@Z 0000000140052a6c     libucrtd:_fenvutils.obj
 0004:00002a78       $pdata$?to_machine_sse_control@@YA?AW4__acrt_fenv_machine_sse_control@@W4__acrt_fenv_abstract_control@@@Z 0000000140052a78     libucrtd:_fenvutils.obj
 0004:00002a84       $pdata$??$translate_control_exception_mask@W4__acrt_fenv_machine_sse_control@@W4__acrt_fenv_abstract_control@@@@YA?AW4__acrt_fenv_machine_sse_control@@W4__acrt_fenv_abstract_control@@@Z 0000000140052a84     libucrtd:_fenvutils.obj
 0004:00002a90       $pdata$??$translate_control_rounding_control@W4__acrt_fenv_machine_sse_control@@W4__acrt_fenv_abstract_control@@@@YA?AW4__acrt_fenv_machine_sse_control@@W4__acrt_fenv_abstract_control@@@Z 0000000140052a90     libucrtd:_fenvutils.obj
 0004:00002a9c       $pdata$?get_machine_sse_status@@YA?AW4__acrt_fenv_machine_sse_status@@XZ 0000000140052a9c     libucrtd:_fenvutils.obj
 0004:00002aa8       $pdata$?set_machine_sse_status@@YAXW4__acrt_fenv_machine_sse_status@@@Z 0000000140052aa8     libucrtd:_fenvutils.obj
 0004:00002ab4       $pdata$?get_machine_sse_control@@YA?AW4__acrt_fenv_machine_sse_control@@XZ 0000000140052ab4     libucrtd:_fenvutils.obj
 0004:00002ac0       $pdata$?set_machine_sse_control@@YAXW4__acrt_fenv_machine_sse_control@@@Z 0000000140052ac0     libucrtd:_fenvutils.obj
 0004:00002acc       $pdata$??$to_abstract_status@W4__acrt_fenv_machine_sse_status@@@@YA?AW4__acrt_fenv_abstract_status@@W4__acrt_fenv_machine_sse_status@@@Z 0000000140052acc     libucrtd:_fenvutils.obj
 0004:00002ad8       $pdata$??$__acrt_fenv_translate_bit@W4__acrt_fenv_abstract_status@@W4__acrt_fenv_machine_sse_status@@@@YA?AW4__acrt_fenv_abstract_status@@W4__acrt_fenv_machine_sse_status@@0W40@1@Z 0000000140052ad8     libucrtd:_fenvutils.obj
 0004:00002ad8       $pdata$??$__acrt_fenv_translate_bit@W4__acrt_fenv_machine_sse_status@@W4__acrt_fenv_abstract_status@@@@YA?AW4__acrt_fenv_machine_sse_status@@W4__acrt_fenv_abstract_status@@0W40@1@Z 0000000140052ad8     libucrtd:_fenvutils.obj
 0004:00002ae4       $pdata$??$__acrt_fenv_translate_bit@W4__acrt_fenv_abstract_control@@W4__acrt_fenv_machine_sse_control@@@@YA?AW4__acrt_fenv_abstract_control@@W4__acrt_fenv_machine_sse_control@@0W40@1@Z 0000000140052ae4     libucrtd:_fenvutils.obj
 0004:00002af0       $pdata$??$__acrt_fenv_translate_bit@W4__acrt_fenv_machine_sse_control@@W4__acrt_fenv_abstract_control@@@@YA?AW4__acrt_fenv_machine_sse_control@@W4__acrt_fenv_abstract_control@@0W40@1@Z 0000000140052af0     libucrtd:_fenvutils.obj
 0004:00002afc       $pdata$??$translate_status@W4__acrt_fenv_abstract_status@@W4__acrt_fenv_machine_sse_status@@@@YA?AW4__acrt_fenv_abstract_status@@W4__acrt_fenv_machine_sse_status@@@Z 0000000140052afc     libucrtd:_fenvutils.obj
 0004:00002b08       $pdata$_lseeki64_nolock    0000000140052b08     libucrtd:lseek.obj
 0004:00002b14       $pdata$?common_lseek_do_seek_nolock@@YA_JQEAX_JH@Z 0000000140052b14     libucrtd:lseek.obj
 0004:00002b20       $pdata$??$common_lseek_nolock@_J@@YA_JH_JH@Z 0000000140052b20     libucrtd:lseek.obj
 0004:00002b2c       $pdata$fclose              0000000140052b2c     libucrtd:fclose.obj
 0004:00002b38       $pdata$fclose$fin$0        0000000140052b38     libucrtd:fclose.obj
 0004:00002b44       $pdata$_fclose_nolock      0000000140052b44     libucrtd:fclose.obj
 0004:00002b50       $pdata$_putwch_nolock      0000000140052b50     libucrtd:putwch.obj
 0004:00002b5c       $pdata$?__c16rtomb_utf8@__crt_mbstring@@YA_KPEAD_SPEAU_Mbstatet@@@Z 0000000140052b5c     libucrtd:c16rtomb.obj
 0004:00002b68       $pdata$?store_first_surrogate@?A0xc60ee810@@YAX_SPEAU_Mbstatet@@@Z 0000000140052b68     libucrtd:c16rtomb.obj
 0004:00002b74       $pdata$?has_surrogate@?A0xc60ee810@@YA_NPEAU_Mbstatet@@@Z 0000000140052b74     libucrtd:c16rtomb.obj
 0004:00002b80       $pdata$?is_first_surrogate@?A0xc60ee810@@YA_N_S@Z 0000000140052b80     libucrtd:c16rtomb.obj
 0004:00002b8c       $pdata$?is_second_surrogate@?A0xc60ee810@@YA_N_S@Z 0000000140052b8c     libucrtd:c16rtomb.obj
 0004:00002b98       $pdata$__acrt_initialize_fma3 0000000140052b98     libucrtd:fma3_available.obj
 0004:00002ba4       $pdata$_log_special_common 0000000140052ba4     libucrtd:log_special.obj
 0004:00002bb0       $pdata$_log10_special      0000000140052bb0     libucrtd:log_special.obj
 0004:00002bbc       $pdata$_call_matherr       0000000140052bbc     libucrtd:libm_error.obj
 0004:00002bc8       $pdata$_exception_enabled  0000000140052bc8     libucrtd:libm_error.obj
 0004:00002bd4       $pdata$_handle_nan         0000000140052bd4     libucrtd:libm_error.obj
 0004:00002be0       $pdata$_handle_error       0000000140052be0     libucrtd:libm_error.obj
 0004:00002bec       $pdata$_clearfp            0000000140052bec     libucrtd:ieee.obj
 0004:00002bf8       $pdata$_control87          0000000140052bf8     libucrtd:ieee.obj
 0004:00002c04       $pdata$_abstract_sw        0000000140052c04     libucrtd:ieee.obj
 0004:00002c10       $pdata$_abstract_cw        0000000140052c10     libucrtd:ieee.obj
 0004:00002c1c       $pdata$_hw_cw              0000000140052c1c     libucrtd:ieee.obj
 0004:00002c28       $pdata$common_control87    0000000140052c28     libucrtd:ieee.obj
 0004:00002c34       $pdata$common_control87$filt$0 0000000140052c34     libucrtd:ieee.obj
 0004:00002c40       $pdata$_close              0000000140052c40     libucrtd:close.obj
 0004:00002c4c       $pdata$_close_nolock       0000000140052c4c     libucrtd:close.obj
 0004:00002c58       $pdata$?close_os_handle_nolock@@YAKH@Z 0000000140052c58     libucrtd:close.obj
 0004:00002c64       $pdata$??R<lambda_4e7105787b7b0e0227fbf2b2d883fa65>@@QEBAHXZ 0000000140052c64     libucrtd:close.obj
 0004:00002c70       $pdata$??$__acrt_lowio_lock_fh_and_call@V<lambda_4e7105787b7b0e0227fbf2b2d883fa65>@@@@YAHH$$QEAV<lambda_4e7105787b7b0e0227fbf2b2d883fa65>@@@Z 0000000140052c70     libucrtd:close.obj
 0004:00002c7c       $pdata$??$?RV<lambda_53fc7fc888e23d815d7080162c0aeeb2>@@AEAV<lambda_4e7105787b7b0e0227fbf2b2d883fa65>@@V<lambda_8ddc48ad9d26c778cb15812d1d88fc8a>@@@?$__crt_seh_guarded_call@H@@QEAAH$$QEAV<lambda_53fc7fc888e23d815d7080162c0aeeb2>@@AEAV<lambda_4e7105787b7b0e0227fbf2b2d883fa65>@@$$QEAV<lambda_8ddc48ad9d26c778cb15812d1d88fc8a>@@@Z 0000000140052c7c     libucrtd:close.obj
 0004:00002c88       $pdata$?__acrt_stdio_free_stream@@YAXV__crt_stdio_stream@@@Z 0000000140052c88     libucrtd:stream.obj
 0004:00002c94       $pdata$__dcrt_lowio_ensure_console_output_initialized 0000000140052c94     libucrtd:initcon.obj
 0004:00002ca0       $pdata$__dcrt_write_console 0000000140052ca0     libucrtd:initcon.obj
 0004:00002cac       $pdata$__dcrt_terminate_console_output 0000000140052cac     libucrtd:initcon.obj
 0004:00002cb8       $pdata$_set_errno_from_matherr 0000000140052cb8     libucrtd:fpexcept.obj
 0004:00002cc4       $pdata$_raise_exc          0000000140052cc4     libucrtd:fpexcept.obj
 0004:00002cd0       $pdata$_raise_exc_ex       0000000140052cd0     libucrtd:fpexcept.obj
 0004:00002cdc       $pdata$_clrfp              0000000140052cdc     libucrtd:fpctrl.obj
 0004:00002ce8       $pdata$_ctrlfp             0000000140052ce8     libucrtd:fpctrl.obj
 0004:00002cf4       $pdata$_ctrlfp$filt$0      0000000140052cf4     libucrtd:fpctrl.obj
 0004:00002d00       $pdata$_statfp             0000000140052d00     libucrtd:fpctrl.obj
 0004:00002d0c       $pdata$_set_statfp         0000000140052d0c     libucrtd:fpctrl.obj
 0004:00002d24       $pdata$_ValidateImageBase  0000000140052d24     LIBCMTD:pesect.obj
 0004:00002d30       $pdata$_FindPESection      0000000140052d30     LIBCMTD:pesect.obj
 0004:00002d3c       $pdata$_IsNonwritableInCurrentImage 0000000140052d3c     LIBCMTD:pesect.obj
 0004:00002d48       $pdata$_IsNonwritableInCurrentImage$filt$0 0000000140052d48     LIBCMTD:pesect.obj
 0004:00002d54       $pdata$??_Gtype_info@@UEAAPEAXI@Z 0000000140052d54     LIBCMTD:std_type_info_static.obj
 0004:00002d60       $pdata$??3@YAXPEAX_K@Z     0000000140052d60     LIBCMTD:delete_scalar_size.obj
 0004:00002d6c       $pdata$__GSHandlerCheck_SEH 0000000140052d6c     LIBCMTD:gshandlerseh.obj
 0004:00002d84       $pdata$__GSHandlerCheck_EH 0000000140052d84     LIBCMTD:gshandlereh.obj
 0004:00002d90       $pdata$??3@YAXPEAX@Z       0000000140052d90     LIBCMTD:delete_scalar.obj
 0004:00002da8       $pdata$strrchr             0000000140052da8     libvcruntimed:strrchr.obj
